Archive member included to satisfy reference by file (symbol)

NuttX/nuttx/arch/arm/src/libarch.a(stm32_start.o)
                              (__start)
NuttX/nuttx/arch/arm/src/libarch.a(stm32_rcc.o)
                              NuttX/nuttx/arch/arm/src/libarch.a(stm32_start.o) (stm32_clockconfig)
NuttX/nuttx/arch/arm/src/libarch.a(stm32_gpio.o)
                              NuttX/nuttx/arch/arm/src/libarch.a(stm32_start.o) (stm32_gpioinit)
NuttX/nuttx/arch/arm/src/libarch.a(stm32_lowputc.o)
                              NuttX/nuttx/arch/arm/src/libarch.a(stm32_start.o) (stm32_lowsetup)
NuttX/nuttx/arch/arm/src/libarch.a(stm32_serial.o)
                              NuttX/nuttx/arch/arm/src/libarch.a(stm32_start.o) (arm_earlyserialinit)
NuttX/nuttx/arch/arm/src/libarch.a(arm_modifyreg32.o)
                              NuttX/nuttx/arch/arm/src/libarch.a(stm32_serial.o) (modifyreg32)
NuttX/nuttx/arch/arm/src/libarch.a(arm_vectors.o)
                              (_vectors)
NuttX/nuttx/arch/arm/src/libarch.a(arm_exception.o)
                              NuttX/nuttx/arch/arm/src/libarch.a(arm_vectors.o) (exception_common)
NuttX/nuttx/arch/arm/src/libarch.a(stm32_irq.o)
                              NuttX/nuttx/arch/arm/src/libarch.a(stm32_serial.o) (up_disable_irq)
NuttX/nuttx/arch/arm/src/libarch.a(stm32_dma.o)
                              NuttX/nuttx/arch/arm/src/libarch.a(stm32_serial.o) (stm32_dmachannel)
NuttX/nuttx/arch/arm/src/libarch.a(arm_hardfault.o)
                              NuttX/nuttx/arch/arm/src/libarch.a(stm32_irq.o) (arm_hardfault)
NuttX/nuttx/arch/arm/src/libarch.a(arm_svcall.o)
                              NuttX/nuttx/arch/arm/src/libarch.a(stm32_irq.o) (arm_svcall)
NuttX/nuttx/arch/arm/src/libarch.a(arm_doirq.o)
                              NuttX/nuttx/arch/arm/src/libarch.a(arm_exception.o) (arm_doirq)
NuttX/nuttx/libs/libc/libc.a(lib_assert.o)
                              NuttX/nuttx/arch/arm/src/libarch.a(arm_hardfault.o) (_assert)
NuttX/nuttx/libs/libc/libc.a(sem_init.o)
                              NuttX/nuttx/arch/arm/src/libarch.a(stm32_dma.o) (nxsem_init)
NuttX/nuttx/libs/libc/libc.a(lib_abort.o)
                              (abort)
NuttX/nuttx/libs/libc/libc.a(lib_strcpy.o)
                              NuttX/nuttx/arch/arm/src/libarch.a(stm32_serial.o) (strcpy)
NuttX/nuttx/libs/libc/libc.a(lib_memcpy.o)
                              NuttX/nuttx/arch/arm/src/libarch.a(arm_svcall.o) (memcpy)
NuttX/nuttx/libs/libc/libc.a(lib_cfspeed.o)
                              NuttX/nuttx/arch/arm/src/libarch.a(stm32_serial.o) (cfsetspeed)
NuttX/nuttx/libs/libc/libc.a(lib_errno.o)
                              NuttX/nuttx/libs/libc/libc.a(sem_init.o) (__errno)
NuttX/nuttx/libs/libc/libc.a(tls_getinfo.o)
                              NuttX/nuttx/libs/libc/libc.a(lib_errno.o) (tls_get_info)
NuttX/nuttx/drivers/libdrivers.a(serial.o)
                              NuttX/nuttx/arch/arm/src/libarch.a(stm32_serial.o) (uart_register)
NuttX/nuttx/drivers/libdrivers.a(serial_io.o)
                              NuttX/nuttx/arch/arm/src/libarch.a(stm32_serial.o) (uart_xmitchars)
NuttX/nuttx/fs/libfs.a(fs_registerdriver.o)
                              NuttX/nuttx/drivers/libdrivers.a(serial.o) (register_driver)
NuttX/nuttx/fs/libfs.a(fs_inode.o)
                              NuttX/nuttx/fs/libfs.a(fs_registerdriver.o) (inode_semtake)
NuttX/nuttx/fs/libfs.a(fs_inodereserve.o)
                              NuttX/nuttx/fs/libfs.a(fs_inode.o) (inode_root_reserve)
NuttX/nuttx/fs/libfs.a(fs_inodesearch.o)
                              NuttX/nuttx/fs/libfs.a(fs_inodereserve.o) (inode_nextname)
NuttX/nuttx/mm/libmm.a(umm_free.o)
                              NuttX/nuttx/fs/libfs.a(fs_inodereserve.o) (free)
NuttX/nuttx/mm/libmm.a(umm_zalloc.o)
                              NuttX/nuttx/fs/libfs.a(fs_inodereserve.o) (zalloc)
NuttX/nuttx/mm/libmm.a(umm_globals.o)
                              NuttX/nuttx/mm/libmm.a(umm_free.o) (g_mmheap)
NuttX/nuttx/mm/libmm.a(mm_free.o)
                              NuttX/nuttx/mm/libmm.a(umm_free.o) (mm_free)
NuttX/nuttx/mm/libmm.a(mm_zalloc.o)
                              NuttX/nuttx/mm/libmm.a(umm_zalloc.o) (mm_zalloc)
NuttX/nuttx/mm/libmm.a(mm_sem.o)
                              NuttX/nuttx/mm/libmm.a(mm_free.o) (mm_trysemaphore)
NuttX/nuttx/mm/libmm.a(mm_addfreechunk.o)
                              NuttX/nuttx/mm/libmm.a(mm_free.o) (mm_addfreechunk)
NuttX/nuttx/mm/libmm.a(mm_size2ndx.o)
                              NuttX/nuttx/mm/libmm.a(mm_addfreechunk.o) (mm_size2ndx)
NuttX/nuttx/mm/libmm.a(mm_malloc.o)
                              NuttX/nuttx/mm/libmm.a(mm_zalloc.o) (mm_malloc)
NuttX/nuttx/sched/libsched.a(clock_initialize.o)
                              NuttX/nuttx/drivers/libdrivers.a(serial.o) (g_system_timer)
NuttX/nuttx/sched/libsched.a(nx_start.o)
                              NuttX/nuttx/arch/arm/src/libarch.a(stm32_start.o) (nx_start)
[...]
Memory Configuration

Name             Origin             Length             Attributes
flash            0x0000000008001000 0x000000000000f000 xr
sram             0x0000000020000000 0x0000000000002000 xrw
*default*        0x0000000000000000 0xffffffffffffffff

Linker script and memory map

LOAD platforms/nuttx/CMakeFiles/px4.dir/__/common/empty.c.obj

.text           0x0000000008001000     0xe1e8
                0x0000000008001000                _stext = ABSOLUTE (.)
 *(.vectors)
 .vectors       0x0000000008001000      0x134 NuttX/nuttx/arch/arm/src/libarch.a(arm_vectors.o)
                0x0000000008001000                _vectors
 *(.text .text.*)
 .text.go_nx_start
                0x0000000008001134       0x26 NuttX/nuttx/arch/arm/src/libarch.a(stm32_start.o)
 *fill*         0x000000000800115a        0x2 
 .text.__start  0x000000000800115c       0x58 NuttX/nuttx/arch/arm/src/libarch.a(stm32_start.o)
                0x000000000800115c                __start
 .text.stm32_clockconfig
                0x00000000080011b4       0xe4 NuttX/nuttx/arch/arm/src/libarch.a(stm32_rcc.o)
                0x00000000080011b4                stm32_clockconfig
 .text.stm32_gpioinit
                0x0000000008001298       0x10 NuttX/nuttx/arch/arm/src/libarch.a(stm32_gpio.o)
                0x0000000008001298                stm32_gpioinit
 .text.stm32_configgpio
                0x00000000080012a8       0xc8 NuttX/nuttx/arch/arm/src/libarch.a(stm32_gpio.o)
                0x00000000080012a8                stm32_configgpio
 .text.stm32_unconfiggpio
                0x0000000008001370        0xc NuttX/nuttx/arch/arm/src/libarch.a(stm32_gpio.o)
                0x0000000008001370                stm32_unconfiggpio
 .text.stm32_gpiowrite
                0x000000000800137c       0x30 NuttX/nuttx/arch/arm/src/libarch.a(stm32_gpio.o)
                0x000000000800137c                stm32_gpiowrite
 .text.stm32_gpioread
                0x00000000080013ac       0x30 NuttX/nuttx/arch/arm/src/libarch.a(stm32_gpio.o)
                0x00000000080013ac                stm32_gpioread
 .text.arm_lowputc
                0x00000000080013dc       0x18 NuttX/nuttx/arch/arm/src/libarch.a(stm32_lowputc.o)
                0x00000000080013dc                arm_lowputc
 .text.stm32_lowsetup
                0x00000000080013f4       0x6c NuttX/nuttx/arch/arm/src/libarch.a(stm32_lowputc.o)
                0x00000000080013f4                stm32_lowsetup
 .text.up_setusartint
                0x0000000008001460       0x28 NuttX/nuttx/arch/arm/src/libarch.a(stm32_serial.o)
 .text.up_restoreusartint
                0x0000000008001488       0x18 NuttX/nuttx/arch/arm/src/libarch.a(stm32_serial.o)
 .text.up_disableusartint
                0x00000000080014a0       0x2e NuttX/nuttx/arch/arm/src/libarch.a(stm32_serial.o)
 .text.up_set_format
                0x00000000080014ce       0x76 NuttX/nuttx/arch/arm/src/libarch.a(stm32_serial.o)
 .text.up_receive
                0x0000000008001544       0x1a NuttX/nuttx/arch/arm/src/libarch.a(stm32_serial.o)
 .text.up_rxint
                0x000000000800155e       0x2e NuttX/nuttx/arch/arm/src/libarch.a(stm32_serial.o)
 .text.up_rxavailable
                0x000000000800158c        0xc NuttX/nuttx/arch/arm/src/libarch.a(stm32_serial.o)
 .text.up_dma_rxint
                0x0000000008001598        0x8 NuttX/nuttx/arch/arm/src/libarch.a(stm32_serial.o)
 .text.up_send  0x00000000080015a0        0x8 NuttX/nuttx/arch/arm/src/libarch.a(stm32_serial.o)
 .text.up_txready
                0x00000000080015a8        0xc NuttX/nuttx/arch/arm/src/libarch.a(stm32_serial.o)
 .text.up_txint
                0x00000000080015b4       0x3c NuttX/nuttx/arch/arm/src/libarch.a(stm32_serial.o)
 .text.up_dma_receive
                0x00000000080015f0       0x34 NuttX/nuttx/arch/arm/src/libarch.a(stm32_serial.o)
 .text.up_ioctl
                0x0000000008001624       0xd4 NuttX/nuttx/arch/arm/src/libarch.a(stm32_serial.o)
 .text.up_detach
                0x00000000080016f8       0x1c NuttX/nuttx/arch/arm/src/libarch.a(stm32_serial.o)
 .text.up_attach
                0x0000000008001714       0x24 NuttX/nuttx/arch/arm/src/libarch.a(stm32_serial.o)
 .text.up_interrupt
                0x0000000008001738       0x56 NuttX/nuttx/arch/arm/src/libarch.a(stm32_serial.o)
 .text.up_dma_rxavailable
                0x000000000800178e       0x1a NuttX/nuttx/arch/arm/src/libarch.a(stm32_serial.o)
 .text.up_dma_rxcallback
                0x00000000080017a8       0x1e NuttX/nuttx/arch/arm/src/libarch.a(stm32_serial.o)
 *fill*         0x00000000080017c6        0x2 
 .text.up_shutdown
                0x00000000080017c8       0x74 NuttX/nuttx/arch/arm/src/libarch.a(stm32_serial.o)
 .text.up_dma_shutdown
                0x000000000800183c       0x1a NuttX/nuttx/arch/arm/src/libarch.a(stm32_serial.o)
 *fill*         0x0000000008001856        0x2 
 .text.up_setup
                0x0000000008001858       0xa0 NuttX/nuttx/arch/arm/src/libarch.a(stm32_serial.o)
 .text.up_dma_setup
                0x00000000080018f8       0x54 NuttX/nuttx/arch/arm/src/libarch.a(stm32_serial.o)
 .text.arm_earlyserialinit
                0x000000000800194c       0x34 NuttX/nuttx/arch/arm/src/libarch.a(stm32_serial.o)
                0x000000000800194c                arm_earlyserialinit
 .text.arm_serialinit
                0x0000000008001980       0x60 NuttX/nuttx/arch/arm/src/libarch.a(stm32_serial.o)
                0x0000000008001980                arm_serialinit
 .text.stm32_serial_dma_poll
                0x00000000080019e0       0x34 NuttX/nuttx/arch/arm/src/libarch.a(stm32_serial.o)
                0x00000000080019e0                stm32_serial_dma_poll
 .text.up_putc  0x0000000008001a14       0x34 NuttX/nuttx/arch/arm/src/libarch.a(stm32_serial.o)
                0x0000000008001a14                up_putc
 .text.modifyreg32
                0x0000000008001a48       0x1e NuttX/nuttx/arch/arm/src/libarch.a(arm_modifyreg32.o)
                0x0000000008001a48                modifyreg32
 .text          0x0000000008001a66       0x5e NuttX/nuttx/arch/arm/src/libarch.a(arm_exception.o)
                0x0000000008001a66                exception_common
 .text.stm32_irqinfo
                0x0000000008001ac4       0x68 NuttX/nuttx/arch/arm/src/libarch.a(stm32_irq.o)
 .text.up_irqinitialize
                0x0000000008001b2c       0x8c NuttX/nuttx/arch/arm/src/libarch.a(stm32_irq.o)
                0x0000000008001b2c                up_irqinitialize
 .text.up_disable_irq
                0x0000000008001bb8       0x24 NuttX/nuttx/arch/arm/src/libarch.a(stm32_irq.o)
                0x0000000008001bb8                up_disable_irq
 .text.up_enable_irq
                0x0000000008001bdc       0x24 NuttX/nuttx/arch/arm/src/libarch.a(stm32_irq.o)
                0x0000000008001bdc                up_enable_irq
 .text.arm_ack_irq
                0x0000000008001c00        0x2 NuttX/nuttx/arch/arm/src/libarch.a(stm32_irq.o)
                0x0000000008001c00                arm_ack_irq
 .text.stm32_dmachandisable
                0x0000000008001c02       0x20 NuttX/nuttx/arch/arm/src/libarch.a(stm32_dma.o)
 *fill*         0x0000000008001c22        0x2 
 .text.stm32_dmainterrupt
                0x0000000008001c24       0x54 NuttX/nuttx/arch/arm/src/libarch.a(stm32_dma.o)
 .text.arm_dma_initialize
                0x0000000008001c78       0x3c NuttX/nuttx/arch/arm/src/libarch.a(stm32_dma.o)
                0x0000000008001c78                arm_dma_initialize
 .text.stm32_dmachannel
                0x0000000008001cb4       0x20 NuttX/nuttx/arch/arm/src/libarch.a(stm32_dma.o)
                0x0000000008001cb4                stm32_dmachannel
 .text.stm32_dmafree
                0x0000000008001cd4        0x6 NuttX/nuttx/arch/arm/src/libarch.a(stm32_dma.o)
                0x0000000008001cd4                stm32_dmafree
 .text.stm32_dmasetup
                0x0000000008001cda       0x34 NuttX/nuttx/arch/arm/src/libarch.a(stm32_dma.o)
                0x0000000008001cda                stm32_dmasetup
 .text.stm32_dmastart
                0x0000000008001d0e       0x28 NuttX/nuttx/arch/arm/src/libarch.a(stm32_dma.o)
                0x0000000008001d0e                stm32_dmastart
 .text.stm32_dmastop
                0x0000000008001d36        0x4 NuttX/nuttx/arch/arm/src/libarch.a(stm32_dma.o)
                0x0000000008001d36                stm32_dmastop
 .text.stm32_dmaresidual
                0x0000000008001d3a        0x6 NuttX/nuttx/arch/arm/src/libarch.a(stm32_dma.o)
                0x0000000008001d3a                stm32_dmaresidual
 .text.arm_hardfault
                0x0000000008001d40       0x18 NuttX/nuttx/arch/arm/src/libarch.a(arm_hardfault.o)
                0x0000000008001d40                arm_hardfault
 .text.arm_svcall
                0x0000000008001d58       0x34 NuttX/nuttx/arch/arm/src/libarch.a(arm_svcall.o)
                0x0000000008001d58                arm_svcall
 .text.arm_doirq
                0x0000000008001d8c       0x24 NuttX/nuttx/arch/arm/src/libarch.a(arm_doirq.o)
                0x0000000008001d8c                arm_doirq
 .text._assert  0x0000000008001db0        0xc NuttX/nuttx/libs/libc/libc.a(lib_assert.o)
                0x0000000008001db0                _assert
 .text.nxsem_init
                0x0000000008001dbc       0x16 NuttX/nuttx/libs/libc/libc.a(sem_init.o)
                0x0000000008001dbc                nxsem_init
 .text.sem_init
                0x0000000008001dd2       0x20 NuttX/nuttx/libs/libc/libc.a(sem_init.o)
                0x0000000008001dd2                sem_init
 .text.unlikely.abort
                0x0000000008001df2        0x8 NuttX/nuttx/libs/libc/libc.a(lib_abort.o)
                0x0000000008001df2                abort
 .text.strcpy   0x0000000008001dfa       0x10 NuttX/nuttx/libs/libc/libc.a(lib_strcpy.o)
                0x0000000008001dfa                strcpy
 .text.memcpy   0x0000000008001e0a       0x16 NuttX/nuttx/libs/libc/libc.a(lib_memcpy.o)
                0x0000000008001e0a                memcpy
 .text.cfsetspeed
                0x0000000008001e20       0x44 NuttX/nuttx/libs/libc/libc.a(lib_cfspeed.o)
                0x0000000008001e20                cfsetspeed
 .text.cfgetspeed
                0x0000000008001e64        0x4 NuttX/nuttx/libs/libc/libc.a(lib_cfspeed.o)
                0x0000000008001e64                cfgetspeed
 .text.__errno  0x0000000008001e68        0xa NuttX/nuttx/libs/libc/libc.a(lib_errno.o)
                0x0000000008001e68                __errno
 .text.tls_get_info
                0x0000000008001e72       0x18 NuttX/nuttx/libs/libc/libc.a(tls_getinfo.o)
                0x0000000008001e72                tls_get_info
 .text.uart_putc
                0x0000000008001e8a       0x20 NuttX/nuttx/drivers/libdrivers.a(serial.o)
 .text.uart_putxmitchar
                0x0000000008001eaa       0x90 NuttX/nuttx/drivers/libdrivers.a(serial.o)
 .text.uart_read
                0x0000000008001f3a      0x158 NuttX/nuttx/drivers/libdrivers.a(serial.o)
 .text.uart_open
                0x0000000008002092       0x86 NuttX/nuttx/drivers/libdrivers.a(serial.o)
 .text.uart_pollnotify
                0x0000000008002118       0x52 NuttX/nuttx/drivers/libdrivers.a(serial.o)
 .text.uart_poll
                0x000000000800216a       0xce NuttX/nuttx/drivers/libdrivers.a(serial.o)
 .text.uart_tcdrain
                0x0000000008002238       0xa0 NuttX/nuttx/drivers/libdrivers.a(serial.o)
 .text.uart_write
                0x00000000080022d8      0x104 NuttX/nuttx/drivers/libdrivers.a(serial.o)
 .text.uart_register
                0x00000000080023dc       0x8c NuttX/nuttx/drivers/libdrivers.a(serial.o)
                0x00000000080023dc                uart_register
 .text.uart_datareceived
                0x0000000008002468       0x20 NuttX/nuttx/drivers/libdrivers.a(serial.o)
                0x0000000008002468                uart_datareceived
 .text.uart_datasent
                0x0000000008002488       0x20 NuttX/nuttx/drivers/libdrivers.a(serial.o)
                0x0000000008002488                uart_datasent
 .text.uart_ioctl
                0x00000000080024a8      0x152 NuttX/nuttx/drivers/libdrivers.a(serial.o)
 .text.uart_reset_sem
                0x00000000080025fa       0x38 NuttX/nuttx/drivers/libdrivers.a(serial.o)
                0x00000000080025fa                uart_reset_sem
 .text.uart_close
                0x0000000008002632       0x74 NuttX/nuttx/drivers/libdrivers.a(serial.o)
 .text.uart_xmitchars
                0x00000000080026a6       0x6e NuttX/nuttx/drivers/libdrivers.a(serial_io.o)
                0x00000000080026a6                uart_xmitchars
 .text.uart_recvchars
                0x0000000008002714       0x66 NuttX/nuttx/drivers/libdrivers.a(serial_io.o)
                0x0000000008002714                uart_recvchars
 .text.register_driver
                0x000000000800277a       0x36 NuttX/nuttx/fs/libfs.a(fs_registerdriver.o)
                0x000000000800277a                register_driver
 .text.inode_initialize
                0x00000000080027b0       0x30 NuttX/nuttx/fs/libfs.a(fs_inode.o)
                0x00000000080027b0                inode_initialize
 .text.inode_semtake
                0x00000000080027e0       0x34 NuttX/nuttx/fs/libfs.a(fs_inode.o)
                0x00000000080027e0                inode_semtake
 .text.inode_semgive
                0x0000000008002814       0x24 NuttX/nuttx/fs/libfs.a(fs_inode.o)
                0x0000000008002814                inode_semgive
 .text.inode_alloc
                0x0000000008002838       0x3c NuttX/nuttx/fs/libfs.a(fs_inodereserve.o)
 .text.inode_root_reserve
                0x0000000008002874       0x18 NuttX/nuttx/fs/libfs.a(fs_inodereserve.o)
                0x0000000008002874                inode_root_reserve
 .text.inode_reserve
                0x000000000800288c       0x9c NuttX/nuttx/fs/libfs.a(fs_inodereserve.o)
                0x000000000800288c                inode_reserve
 .text.inode_nextname
                0x0000000008002928       0x1c NuttX/nuttx/fs/libfs.a(fs_inodesearch.o)
                0x0000000008002928                inode_nextname
 .text.inode_search
                0x0000000008002944       0xb8 NuttX/nuttx/fs/libfs.a(fs_inodesearch.o)
                0x0000000008002944                inode_search
 .text.free     0x00000000080029fc        0xc NuttX/nuttx/mm/libmm.a(umm_free.o)
                0x00000000080029fc                free
 .text.zalloc   0x0000000008002a08        0xc NuttX/nuttx/mm/libmm.a(umm_zalloc.o)
                0x0000000008002a08                zalloc
 .text.mm_free  0x0000000008002a14       0xd4 NuttX/nuttx/mm/libmm.a(mm_free.o)
                0x0000000008002a14                mm_free
 .text.mm_zalloc
                0x0000000008002ae8       0x18 NuttX/nuttx/mm/libmm.a(mm_zalloc.o)
                0x0000000008002ae8                mm_zalloc
 .text.mm_seminitialize
                0x0000000008002b00       0x18 NuttX/nuttx/mm/libmm.a(mm_sem.o)
                0x0000000008002b00                mm_seminitialize
 .text.mm_trysemaphore
                0x0000000008002b18       0x32 NuttX/nuttx/mm/libmm.a(mm_sem.o)
                0x0000000008002b18                mm_trysemaphore
 .text.mm_takesemaphore
                0x0000000008002b4a       0x2a NuttX/nuttx/mm/libmm.a(mm_sem.o)
                0x0000000008002b4a                mm_takesemaphore
 .text.mm_givesemaphore
                0x0000000008002b74       0x1a NuttX/nuttx/mm/libmm.a(mm_sem.o)
                0x0000000008002b74                mm_givesemaphore
 .text.mm_addfreechunk
                0x0000000008002b8e       0x38 NuttX/nuttx/mm/libmm.a(mm_addfreechunk.o)
                0x0000000008002b8e                mm_addfreechunk
 .text.mm_size2ndx
                0x0000000008002bc6       0x1a NuttX/nuttx/mm/libmm.a(mm_size2ndx.o)
                0x0000000008002bc6                mm_size2ndx
 .text.mm_malloc
                0x0000000008002be0       0xca NuttX/nuttx/mm/libmm.a(mm_malloc.o)
                0x0000000008002be0                mm_malloc
 .text.clock_initialize
                0x0000000008002caa        0x4 NuttX/nuttx/sched/libsched.a(clock_initialize.o)
                0x0000000008002caa                clock_initialize
 *fill*         0x0000000008002cae        0x2 
 .text.clock_timer
                0x0000000008002cb0       0x10 NuttX/nuttx/sched/libsched.a(clock_initialize.o)
                0x0000000008002cb0                clock_timer
 .text.nx_start
                0x0000000008002cc0      0x140 NuttX/nuttx/sched/libsched.a(nx_start.o)
                0x0000000008002cc0                nx_start
 .text.nx_bringup
                0x0000000008002e00       0x24 NuttX/nuttx/sched/libsched.a(nx_bringup.o)
                0x0000000008002e00                nx_bringup
 .text.irq_attach
                0x0000000008002e24       0x44 NuttX/nuttx/sched/libsched.a(irq_attach.o)
                0x0000000008002e24                irq_attach
 .text.irq_dispatch
                0x0000000008002e68       0x3c NuttX/nuttx/sched/libsched.a(irq_dispatch.o)
                0x0000000008002e68                irq_dispatch
 .text.irq_unexpected_isr
                0x0000000008002ea4       0x18 NuttX/nuttx/sched/libsched.a(irq_unexpectedisr.o)
                0x0000000008002ea4                irq_unexpected_isr
 .text.sched_idletask
                0x0000000008002ebc       0x18 NuttX/nuttx/sched/libsched.a(sched_idletask.o)
                0x0000000008002ebc                sched_idletask
 .text.nxsched_get_stackinfo
                0x0000000008002ed4       0x44 NuttX/nuttx/sched/libsched.a(sched_get_stackinfo.o)
                0x0000000008002ed4                nxsched_get_stackinfo
 .text.nxsem_wait
                0x0000000008002f18       0x54 NuttX/nuttx/sched/libsched.a(sem_wait.o)
                0x0000000008002f18                nxsem_wait
 .text.nxsem_wait_uninterruptible
                0x0000000008002f6c       0x10 NuttX/nuttx/sched/libsched.a(sem_wait.o)
                0x0000000008002f6c                nxsem_wait_uninterruptible
 .text.sem_wait
                0x0000000008002f7c       0x1c NuttX/nuttx/sched/libsched.a(sem_wait.o)
                0x0000000008002f7c                sem_wait
 .text.nxsem_trywait
                0x0000000008002f98       0x40 NuttX/nuttx/sched/libsched.a(sem_trywait.o)
                0x0000000008002f98                nxsem_trywait
 .text.sem_trywait
                0x0000000008002fd8       0x1a NuttX/nuttx/sched/libsched.a(sem_trywait.o)
                0x0000000008002fd8                sem_trywait
 *fill*         0x0000000008002ff2        0x2 
 .text.nxsem_post
                0x0000000008002ff4       0x64 NuttX/nuttx/sched/libsched.a(sem_post.o)
                0x0000000008002ff4                nxsem_post
 .text.sem_post
                0x0000000008003058       0x1a NuttX/nuttx/sched/libsched.a(sem_post.o)
                0x0000000008003058                sem_post
 .text.nxsem_reset
                0x0000000008003072       0x42 NuttX/nuttx/sched/libsched.a(sem_reset.o)
                0x0000000008003072                nxsem_reset
 .text.nxsig_usleep
                0x00000000080030b4       0x2c NuttX/nuttx/sched/libsched.a(sig_usleep.o)
                0x00000000080030b4                nxsig_usleep
 .text.nxthread_create
                0x00000000080030e0       0x52 NuttX/nuttx/sched/libsched.a(task_create.o)
 .text.nxtask_create
                0x0000000008003132       0x16 NuttX/nuttx/sched/libsched.a(task_create.o)
                0x0000000008003132                nxtask_create
 .text.nxtask_init
                0x0000000008003148       0xa4 NuttX/nuttx/sched/libsched.a(task_init.o)
                0x0000000008003148                nxtask_init
 .text.nxtask_setup_scheduler
                0x00000000080031ec       0xc0 NuttX/nuttx/sched/libsched.a(task_setup.o)
                0x00000000080031ec                nxtask_setup_scheduler
 .text.nxtask_setup_arguments
                0x00000000080032ac       0xb4 NuttX/nuttx/sched/libsched.a(task_setup.o)
                0x00000000080032ac                nxtask_setup_arguments
 .text.nxtask_activate
                0x0000000008003360       0x18 NuttX/nuttx/sched/libsched.a(task_activate.o)
                0x0000000008003360                nxtask_activate
 .text.nxtask_start
                0x0000000008003378       0x44 NuttX/nuttx/sched/libsched.a(task_start.o)
                0x0000000008003378                nxtask_start
 .text.getpid   0x00000000080033bc       0x1c NuttX/nuttx/sched/libsched.a(task_getpid.o)
                0x00000000080033bc                getpid
 .text.exit     0x00000000080033d8       0x1c NuttX/nuttx/sched/libsched.a(exit.o)
                0x00000000080033d8                exit
 .text.group_allocate
                0x00000000080033f4       0x18 NuttX/nuttx/sched/libsched.a(group_create.o)
                0x00000000080033f4                group_allocate
 .text.group_initialize
                0x000000000800340c        0xa NuttX/nuttx/sched/libsched.a(group_create.o)
                0x000000000800340c                group_initialize
 .text.group_leave
                0x0000000008003416       0x34 NuttX/nuttx/sched/libsched.a(group_leave.o)
                0x0000000008003416                group_leave
 *fill*         0x000000000800344a        0x2 
 .text.group_setupidlefiles
                0x000000000800344c       0x40 NuttX/nuttx/sched/libsched.a(group_setupidlefiles.o)
                0x000000000800344c                group_setupidlefiles
 .text.group_setuptaskfiles
                0x000000000800348c       0x16 NuttX/nuttx/sched/libsched.a(group_setuptaskfiles.o)
                0x000000000800348c                group_setuptaskfiles
 *fill*         0x00000000080034a2        0x2 
 .text.irq_initialize
                0x00000000080034a4       0x24 NuttX/nuttx/sched/libsched.a(irq_initialize.o)
                0x00000000080034a4                irq_initialize
 .text.nxsched_get_tcb
                0x00000000080034c8       0x38 NuttX/nuttx/sched/libsched.a(sched_gettcb.o)
                0x00000000080034c8                nxsched_get_tcb
 .text.nxsched_release_tcb
                0x0000000008003500       0x40 NuttX/nuttx/sched/libsched.a(sched_releasetcb.o)
                0x0000000008003500                nxsched_release_tcb
 .text.sched_lock
                0x0000000008003540       0x1c NuttX/nuttx/sched/libsched.a(sched_lock.o)
                0x0000000008003540                sched_lock
 .text.sched_unlock
                0x000000000800355c       0x50 NuttX/nuttx/sched/libsched.a(sched_unlock.o)
                0x000000000800355c                sched_unlock
 .text.nxsig_procmask
                0x00000000080035ac       0x64 NuttX/nuttx/sched/libsched.a(sig_procmask.o)
                0x00000000080035ac                nxsig_procmask
 .text.nxsig_unmask_pendingsignal
                0x0000000008003610       0x64 NuttX/nuttx/sched/libsched.a(sig_unmaskpendingsignal.o)
                0x0000000008003610                nxsig_unmask_pendingsignal
 .text.nxsig_remove_pendingsignal
                0x0000000008003674       0x3c NuttX/nuttx/sched/libsched.a(sig_removependingsignal.o)
                0x0000000008003674                nxsig_remove_pendingsignal
 .text.nxsig_release_pendingsignal
                0x00000000080036b0       0x44 NuttX/nuttx/sched/libsched.a(sig_releasependingsignal.o)
                0x00000000080036b0                nxsig_release_pendingsignal
 .text.nxsig_lowest
                0x00000000080036f4       0x1e NuttX/nuttx/sched/libsched.a(sig_lowest.o)
                0x00000000080036f4                nxsig_lowest
 .text.nxsig_cleanup
                0x0000000008003712       0x32 NuttX/nuttx/sched/libsched.a(sig_cleanup.o)
                0x0000000008003712                nxsig_cleanup
 .text.nxsig_release
                0x0000000008003744       0x26 NuttX/nuttx/sched/libsched.a(sig_cleanup.o)
                0x0000000008003744                nxsig_release
 *fill*         0x000000000800376a        0x2 
 .text.nxsig_tcbdispatch
                0x000000000800376c      0x194 NuttX/nuttx/sched/libsched.a(sig_dispatch.o)
                0x000000000800376c                nxsig_tcbdispatch
 .text.nxsig_deliver
                0x0000000008003900       0xae NuttX/nuttx/sched/libsched.a(sig_deliver.o)
                0x0000000008003900                nxsig_deliver
 *fill*         0x00000000080039ae        0x2 
 .text.nxsig_nanosleep
                0x00000000080039b0       0x88 NuttX/nuttx/sched/libsched.a(sig_nanosleep.o)
                0x00000000080039b0                nxsig_nanosleep
 .text.nxtask_exithook
                0x0000000008003a38       0x38 NuttX/nuttx/sched/libsched.a(task_exithook.o)
                0x0000000008003a38                nxtask_exithook
 .text.nxtask_recover
                0x0000000008003a70       0x12 NuttX/nuttx/sched/libsched.a(task_recover.o)
                0x0000000008003a70                nxtask_recover
 .text.wd_recover
                0x0000000008003a82        0x6 NuttX/nuttx/sched/libsched.a(wd_recover.o)
                0x0000000008003a82                wd_recover
 .text.clock_time2ticks
                0x0000000008003a88       0x34 NuttX/nuttx/sched/libsched.a(clock_time2ticks.o)
                0x0000000008003a88                clock_time2ticks
 .text.clock_ticks2time
                0x0000000008003abc       0x1c NuttX/nuttx/sched/libsched.a(clock_ticks2time.o)
                0x0000000008003abc                clock_ticks2time
 .text.group_setupstreams
                0x0000000008003ad8       0x32 NuttX/nuttx/sched/libsched.a(group_setupstreams.o)
                0x0000000008003ad8                group_setupstreams
 .text.nxsem_recover
                0x0000000008003b0a       0x26 NuttX/nuttx/sched/libsched.a(sem_recover.o)
                0x0000000008003b0a                nxsem_recover
 .text.nxsem_wait_irq
                0x0000000008003b30       0x2e NuttX/nuttx/sched/libsched.a(sem_waitirq.o)
                0x0000000008003b30                nxsem_wait_irq
 *fill*         0x0000000008003b5e        0x2 
 .text.nxsig_initialize
                0x0000000008003b60       0xbc NuttX/nuttx/sched/libsched.a(sig_initialize.o)
                0x0000000008003b60                nxsig_initialize
 .text.nxsig_release_action
                0x0000000008003c1c        0xc NuttX/nuttx/sched/libsched.a(sig_action.o)
                0x0000000008003c1c                nxsig_release_action
 .text.nxsig_pendingset
                0x0000000008003c28       0x2e NuttX/nuttx/sched/libsched.a(sig_pending.o)
                0x0000000008003c28                nxsig_pendingset
 .text.nxsig_timeout
                0x0000000008003c56       0x1e NuttX/nuttx/sched/libsched.a(sig_timedwait.o)
 .text.nxsig_timedwait
                0x0000000008003c74       0xf4 NuttX/nuttx/sched/libsched.a(sig_timedwait.o)
                0x0000000008003c74                nxsig_timedwait
 .text.nxsig_find_action
                0x0000000008003d68       0x22 NuttX/nuttx/sched/libsched.a(sig_findaction.o)
                0x0000000008003d68                nxsig_find_action
 *fill*         0x0000000008003d8a        0x2 
 .text.nxsig_alloc_pendingsigaction
                0x0000000008003d8c       0x48 NuttX/nuttx/sched/libsched.a(sig_allocpendingsigaction.o)
                0x0000000008003d8c                nxsig_alloc_pendingsigaction
 .text.nxsig_release_pendingsigaction
                0x0000000008003dd4       0x44 NuttX/nuttx/sched/libsched.a(sig_releasependingsigaction.o)
                0x0000000008003dd4                nxsig_release_pendingsigaction
 .text.wd_start
                0x0000000008003e18       0xb8 NuttX/nuttx/sched/libsched.a(wd_start.o)
                0x0000000008003e18                wd_start
 .text.wd_timer
                0x0000000008003ed0       0x48 NuttX/nuttx/sched/libsched.a(wd_start.o)
                0x0000000008003ed0                wd_timer
 .text.wd_cancel
                0x0000000008003f18       0x68 NuttX/nuttx/sched/libsched.a(wd_cancel.o)
                0x0000000008003f18                wd_cancel
 .text.wd_initialize
                0x0000000008003f80       0x10 NuttX/nuttx/sched/libsched.a(wd_initialize.o)
                0x0000000008003f80                wd_initialize
 .text.up_allocate_heap
                0x0000000008003f90       0x14 NuttX/nuttx/arch/arm/src/libarch.a(stm32_allocateheap.o)
                0x0000000008003f90                up_allocate_heap
 .text.stm32_timerisr
                0x0000000008003fa4        0xa NuttX/nuttx/arch/arm/src/libarch.a(stm32_timerisr.o)
 *fill*         0x0000000008003fae        0x2 
 .text.up_timer_initialize
                0x0000000008003fb0       0x44 NuttX/nuttx/arch/arm/src/libarch.a(stm32_timerisr.o)
                0x0000000008003fb0                up_timer_initialize
 .text.up_idle  0x0000000008003ff4        0x2 NuttX/nuttx/arch/arm/src/libarch.a(stm32_idle.o)
                0x0000000008003ff4                up_idle
 *fill*         0x0000000008003ff6        0x2 
 .text.up_assert
                0x0000000008003ff8       0x44 NuttX/nuttx/arch/arm/src/libarch.a(arm_assert.o)
                0x0000000008003ff8                up_assert
 .text.up_block_task
                0x000000000800403c       0x5c NuttX/nuttx/arch/arm/src/libarch.a(arm_blocktask.o)
                0x000000000800403c                up_block_task
 .text.arm_copyfullstate
                0x0000000008004098       0x18 NuttX/nuttx/arch/arm/src/libarch.a(arm_copyfullstate.o)
                0x0000000008004098                arm_copyfullstate
 .text.up_create_stack
                0x00000000080040b0       0x58 NuttX/nuttx/arch/arm/src/libarch.a(arm_createstack.o)
                0x00000000080040b0                up_create_stack
 .text.up_exit  0x0000000008004108       0x20 NuttX/nuttx/arch/arm/src/libarch.a(arm_exit.o)
                0x0000000008004108                up_exit
 .text.up_initialize
                0x0000000008004128       0x20 NuttX/nuttx/arch/arm/src/libarch.a(arm_initialize.o)
                0x0000000008004128                up_initialize
 .text.up_initial_state
                0x0000000008004148       0x50 NuttX/nuttx/arch/arm/src/libarch.a(arm_initialstate.o)
                0x0000000008004148                up_initial_state
 .text.up_interrupt_context
                0x0000000008004198       0x10 NuttX/nuttx/arch/arm/src/libarch.a(arm_interruptcontext.o)
                0x0000000008004198                up_interrupt_context
 .text.up_release_pending
                0x00000000080041a8       0x38 NuttX/nuttx/arch/arm/src/libarch.a(arm_releasepending.o)
                0x00000000080041a8                up_release_pending
 .text.up_release_stack
                0x00000000080041e0       0x1e NuttX/nuttx/arch/arm/src/libarch.a(arm_releasestack.o)
                0x00000000080041e0                up_release_stack
 *fill*         0x00000000080041fe        0x2 
 .text.up_schedule_sigaction
                0x0000000008004200       0x80 NuttX/nuttx/arch/arm/src/libarch.a(arm_schedulesigaction.o)
                0x0000000008004200                up_schedule_sigaction
 .text.arm_sigdeliver
                0x0000000008004280       0x50 NuttX/nuttx/arch/arm/src/libarch.a(arm_sigdeliver.o)
                0x0000000008004280                arm_sigdeliver
 .text.up_stack_frame
                0x00000000080042d0       0x26 NuttX/nuttx/arch/arm/src/libarch.a(arm_stackframe.o)
                0x00000000080042d0                up_stack_frame
 *fill*         0x00000000080042f6        0x2 
 .text.up_unblock_task
                0x00000000080042f8       0x40 NuttX/nuttx/arch/arm/src/libarch.a(arm_unblocktask.o)
                0x00000000080042f8                up_unblock_task
 .text.up_use_stack
                0x0000000008004338       0x50 NuttX/nuttx/arch/arm/src/libarch.a(arm_usestack.o)
                0x0000000008004338                up_use_stack
 .text.arm_stack_color
                0x0000000008004388       0x20 NuttX/nuttx/arch/arm/src/libarch.a(arm_checkstack.o)
                0x0000000008004388                arm_stack_color
 .text          0x00000000080043a8        0xa NuttX/nuttx/arch/arm/src/libarch.a(arm_fullcontextrestore.o)
                0x00000000080043a8                arm_fullcontextrestore
 .text          0x00000000080043b2        0xc NuttX/nuttx/arch/arm/src/libarch.a(arm_switchcontext.o)
                0x00000000080043b2                arm_switchcontext
 .text.lib_stream_initialize
                0x00000000080043be       0x20 NuttX/nuttx/libs/libc/libc.a(lib_stream.o)
                0x00000000080043be                lib_stream_initialize
 .text.lib_stream_release
                0x00000000080043de       0x20 NuttX/nuttx/libs/libc/libc.a(lib_stream.o)
                0x00000000080043de                lib_stream_release
 .text.sq_addlast
                0x00000000080043fe       0x14 NuttX/nuttx/libs/libc/libc.a(sq_addlast.o)
                0x00000000080043fe                sq_addlast
 .text.sq_addfirst
                0x0000000008004412        0xc NuttX/nuttx/libs/libc/libc.a(sq_addfirst.o)
                0x0000000008004412                sq_addfirst
 .text.sq_addafter
                0x000000000800441e       0x1c NuttX/nuttx/libs/libc/libc.a(sq_addafter.o)
                0x000000000800441e                sq_addafter
 .text.sq_rem   0x000000000800443a       0x2c NuttX/nuttx/libs/libc/libc.a(sq_rem.o)
                0x000000000800443a                sq_rem
 .text.sq_remfirst
                0x0000000008004466       0x14 NuttX/nuttx/libs/libc/libc.a(sq_remfirst.o)
                0x0000000008004466                sq_remfirst
 .text.sq_remafter
                0x000000000800447a       0x20 NuttX/nuttx/libs/libc/libc.a(sq_remafter.o)
                0x000000000800447a                sq_remafter
 .text.dq_addfirst
                0x000000000800449a       0x16 NuttX/nuttx/libs/libc/libc.a(dq_addfirst.o)
                0x000000000800449a                dq_addfirst
 .text.dq_rem   0x00000000080044b0       0x1c NuttX/nuttx/libs/libc/libc.a(dq_rem.o)
                0x00000000080044b0                dq_rem
 .text.nxtask_startup
                0x00000000080044cc       0x58 NuttX/nuttx/libs/libc/libc.a(task_startup.o)
                0x00000000080044cc                nxtask_startup
 .text.nxsem_get_value
                0x0000000008004524       0x14 NuttX/nuttx/libs/libc/libc.a(sem_getvalue.o)
                0x0000000008004524                nxsem_get_value
 .text.nxsem_set_protocol
                0x0000000008004538       0x14 NuttX/nuttx/libs/libc/libc.a(sem_setprotocol.o)
                0x0000000008004538                nxsem_set_protocol
 .text.nxsig_addset
                0x000000000800454c       0x1a NuttX/nuttx/libs/libc/libc.a(sig_addset.o)
                0x000000000800454c                nxsig_addset
 .text.nxsig_delset
                0x0000000008004566       0x1a NuttX/nuttx/libs/libc/libc.a(sig_delset.o)
                0x0000000008004566                nxsig_delset
 .text.sigemptyset
                0x0000000008004580        0x8 NuttX/nuttx/libs/libc/libc.a(sig_emptyset.o)
                0x0000000008004580                sigemptyset
 .text.nxsig_ismember
                0x0000000008004588       0x12 NuttX/nuttx/libs/libc/libc.a(sig_ismember.o)
                0x0000000008004588                nxsig_ismember
 .text.asprintf
                0x000000000800459a       0x1a NuttX/nuttx/libs/libc/libc.a(lib_asprintf.o)
                0x000000000800459a                asprintf
 .text.vasprintf
                0x00000000080045b4       0x4a NuttX/nuttx/libs/libc/libc.a(lib_vasprintf.o)
                0x00000000080045b4                vasprintf
 .text.memoutstream_putc
                0x00000000080045fe       0x1a NuttX/nuttx/libs/libc/libc.a(lib_memoutstream.o)
 .text.lib_memoutstream
                0x0000000008004618       0x20 NuttX/nuttx/libs/libc/libc.a(lib_memoutstream.o)
                0x0000000008004618                lib_memoutstream
 .text.nulloutstream_putc
                0x0000000008004638        0x8 NuttX/nuttx/libs/libc/libc.a(lib_nulloutstream.o)
 .text.lib_nulloutstream
                0x0000000008004640       0x18 NuttX/nuttx/libs/libc/libc.a(lib_nulloutstream.o)
                0x0000000008004640                lib_nulloutstream
 .text.lib_noflush
                0x0000000008004658        0x4 NuttX/nuttx/libs/libc/libc.a(lib_libnoflush.o)
                0x0000000008004658                lib_noflush
 .text.lib_vsprintf
                0x000000000800465c      0x440 NuttX/nuttx/libs/libc/libc.a(lib_libvsprintf.o)
                0x000000000800465c                lib_vsprintf
 .text.__ultoa_invert
                0x0000000008004a9c       0x38 NuttX/nuttx/libs/libc/libc.a(lib_ultoa_invert.o)
                0x0000000008004a9c                __ultoa_invert
 .text.lib_flushall
                0x0000000008004ad4       0x38 NuttX/nuttx/libs/libc/libc.a(lib_libflushall.o)
                0x0000000008004ad4                lib_flushall
 .text.lib_fflush
                0x0000000008004b0c        0x4 NuttX/nuttx/libs/libc/libc.a(lib_libfflush.o)
                0x0000000008004b0c                lib_fflush
 .text.memset   0x0000000008004b10       0x10 NuttX/nuttx/libs/libc/libc.a(lib_memset.o)
                0x0000000008004b10                memset
 .text.strlen   0x0000000008004b20       0x10 NuttX/nuttx/libs/libc/libc.a(lib_strlen.o)
                0x0000000008004b20                strlen
 .text.strnlen  0x0000000008004b30       0x1a NuttX/nuttx/libs/libc/libc.a(lib_strnlen.o)
                0x0000000008004b30                strnlen
 .text.stream_semtake
                0x0000000008004b4a       0x10 NuttX/nuttx/libs/libc/libc.a(lib_streamsem.o)
                0x0000000008004b4a                stream_semtake
 .text.stream_semgive
                0x0000000008004b5a        0x4 NuttX/nuttx/libs/libc/libc.a(lib_streamsem.o)
                0x0000000008004b5a                stream_semgive
 *fill*         0x0000000008004b5e        0x2 
 .text.syslog_flush
                0x0000000008004b60       0x10 NuttX/nuttx/drivers/libdrivers.a(syslog_flush.o)
                0x0000000008004b60                syslog_flush
 .text.syslog_initialize
                0x0000000008004b70        0x4 NuttX/nuttx/drivers/libdrivers.a(syslog_initialize.o)
                0x0000000008004b70                syslog_initialize
 .text.fs_initialize
                0x0000000008004b74        0x4 NuttX/nuttx/fs/libfs.a(fs_initialize.o)
                0x0000000008004b74                fs_initialize
 .text._files_close
                0x0000000008004b78       0x2a NuttX/nuttx/fs/libfs.a(fs_files.o)
 .text.files_initialize
                0x0000000008004ba2        0x2 NuttX/nuttx/fs/libfs.a(fs_files.o)
                0x0000000008004ba2                files_initialize
 .text.files_initlist
                0x0000000008004ba4        0x8 NuttX/nuttx/fs/libfs.a(fs_files.o)
                0x0000000008004ba4                files_initlist
 .text.files_releaselist
                0x0000000008004bac       0x24 NuttX/nuttx/fs/libfs.a(fs_files.o)
                0x0000000008004bac                files_releaselist
 .text.file_dup2
                0x0000000008004bd0       0x8c NuttX/nuttx/fs/libfs.a(fs_files.o)
                0x0000000008004bd0                file_dup2
 .text.files_allocate
                0x0000000008004c5c       0x4e NuttX/nuttx/fs/libfs.a(fs_files.o)
                0x0000000008004c5c                files_allocate
 .text.files_close
                0x0000000008004caa       0x3a NuttX/nuttx/fs/libfs.a(fs_files.o)
                0x0000000008004caa                files_close
 .text.files_release
                0x0000000008004ce4       0x2e NuttX/nuttx/fs/libfs.a(fs_files.o)
                0x0000000008004ce4                files_release
 .text.inode_addref
                0x0000000008004d12       0x20 NuttX/nuttx/fs/libfs.a(fs_inodeaddref.o)
                0x0000000008004d12                inode_addref
 .text.inode_release
                0x0000000008004d32       0x3c NuttX/nuttx/fs/libfs.a(fs_inoderelease.o)
                0x0000000008004d32                inode_release
 .text.nx_close
                0x0000000008004d6e        0xe NuttX/nuttx/fs/libfs.a(fs_close.o)
                0x0000000008004d6e                nx_close
 .text.close    0x0000000008004d7c       0x1a NuttX/nuttx/fs/libfs.a(fs_close.o)
                0x0000000008004d7c                close
 .text.fs_dupfd2
                0x0000000008004d96       0x3e NuttX/nuttx/fs/libfs.a(fs_dupfd2.o)
                0x0000000008004d96                fs_dupfd2
 .text.fs_getfilep
                0x0000000008004dd4       0x2c NuttX/nuttx/fs/libfs.a(fs_getfilep.o)
                0x0000000008004dd4                fs_getfilep
 .text.inode_checkflags
                0x0000000008004e00       0x28 NuttX/nuttx/fs/libfs.a(fs_open.o)
                0x0000000008004e00                inode_checkflags
 .text.nx_vopen
                0x0000000008004e28       0x94 NuttX/nuttx/fs/libfs.a(fs_open.o)
                0x0000000008004e28                nx_vopen
 .text.nx_open  0x0000000008004ebc       0x1a NuttX/nuttx/fs/libfs.a(fs_open.o)
                0x0000000008004ebc                nx_open
 .text.open     0x0000000008004ed6       0x2c NuttX/nuttx/fs/libfs.a(fs_open.o)
                0x0000000008004ed6                open
 .text.fs_fdopen
                0x0000000008004f02       0x60 NuttX/nuttx/fs/libfs.a(fs_fdopen.o)
                0x0000000008004f02                fs_fdopen
 .text.inode_find
                0x0000000008004f62       0x26 NuttX/nuttx/fs/libfs.a(fs_inodefind.o)
                0x0000000008004f62                inode_find
 .text.inode_free
                0x0000000008004f88       0x1e NuttX/nuttx/fs/libfs.a(fs_inodefree.o)
                0x0000000008004f88                inode_free
 *fill*         0x0000000008004fa6        0x2 
 .text.umm_initialize
                0x0000000008004fa8       0x10 NuttX/nuttx/mm/libmm.a(umm_initialize.o)
                0x0000000008004fa8                umm_initialize
 .text.malloc   0x0000000008004fb8        0xc NuttX/nuttx/mm/libmm.a(umm_malloc.o)
                0x0000000008004fb8                malloc
 .text.memalign
                0x0000000008004fc4       0x10 NuttX/nuttx/mm/libmm.a(umm_memalign.o)
                0x0000000008004fc4                memalign
 .text.umm_heapmember
                0x0000000008004fd4        0xc NuttX/nuttx/mm/libmm.a(umm_heapmember.o)
                0x0000000008004fd4                umm_heapmember
 .text.mm_addregion
                0x0000000008004fe0       0x60 NuttX/nuttx/mm/libmm.a(mm_initialize.o)
                0x0000000008004fe0                mm_addregion
 .text.mm_initialize
                0x0000000008005040       0x44 NuttX/nuttx/mm/libmm.a(mm_initialize.o)
                0x0000000008005040                mm_initialize
 .text.mm_memalign
                0x0000000008005084       0xdc NuttX/nuttx/mm/libmm.a(mm_memalign.o)
                0x0000000008005084                mm_memalign
 .text.mm_heapmember
                0x0000000008005160       0x16 NuttX/nuttx/mm/libmm.a(mm_heapmember.o)
                0x0000000008005160                mm_heapmember
 .text.mm_shrinkchunk
                0x0000000008005176       0x72 NuttX/nuttx/mm/libmm.a(mm_shrinkchunk.o)
                0x0000000008005176                mm_shrinkchunk
 .text.nxsched_get_files
                0x00000000080051e8       0x10 NuttX/nuttx/sched/libsched.a(sched_getfiles.o)
                0x00000000080051e8                nxsched_get_files
 .text.nxsched_add_readytorun
                0x00000000080051f8       0x48 NuttX/nuttx/sched/libsched.a(sched_addreadytorun.o)
                0x00000000080051f8                nxsched_add_readytorun
 .text.nxsched_remove_readytorun
                0x0000000008005240       0x28 NuttX/nuttx/sched/libsched.a(sched_removereadytorun.o)
                0x0000000008005240                nxsched_remove_readytorun
 .text.nxsched_add_prioritized
                0x0000000008005268       0x48 NuttX/nuttx/sched/libsched.a(sched_addprioritized.o)
                0x0000000008005268                nxsched_add_prioritized
 .text.nxsched_merge_pending
                0x00000000080052b0       0x58 NuttX/nuttx/sched/libsched.a(sched_mergepending.o)
                0x00000000080052b0                nxsched_merge_pending
 .text.nxsched_add_blocked
                0x0000000008005308       0x28 NuttX/nuttx/sched/libsched.a(sched_addblocked.o)
                0x0000000008005308                nxsched_add_blocked
 .text.nxsched_remove_blocked
                0x0000000008005330       0x1c NuttX/nuttx/sched/libsched.a(sched_removeblocked.o)
                0x0000000008005330                nxsched_remove_blocked
 .text.nxsched_self
                0x000000000800534c        0xc NuttX/nuttx/sched/libsched.a(sched_self.o)
                0x000000000800534c                nxsched_self
 .text.nxsched_process_timer
                0x0000000008005358       0x18 NuttX/nuttx/sched/libsched.a(sched_processtimer.o)
                0x0000000008005358                nxsched_process_timer
 .text.nxsem_destroy
                0x0000000008005370       0x16 NuttX/nuttx/sched/libsched.a(sem_destroy.o)
                0x0000000008005370                nxsem_destroy
 .text.sem_destroy
                0x0000000008005386       0x1a NuttX/nuttx/sched/libsched.a(sem_destroy.o)
                0x0000000008005386                sem_destroy
 .text.nxtask_exit
                0x00000000080053a0       0x4c NuttX/nuttx/sched/libsched.a(task_exit.o)
                0x00000000080053a0                nxtask_exit
 .text.nxtask_terminate
                0x00000000080053ec       0x54 NuttX/nuttx/sched/libsched.a(task_terminate.o)
                0x00000000080053ec                nxtask_terminate
 .text.dq_addlast
                0x0000000008005440       0x16 NuttX/nuttx/libs/libc/libc.a(dq_addlast.o)
                0x0000000008005440                dq_addlast
 *fill*         0x0000000008005456        0x2 
 .text          0x0000000008005458       0xa0 /opt/gcc-arm-none-eabi-9-2020-q2-update/bin/../lib/gcc/arm-none-eabi/9.3.1/thumb/v7-m/nofp/libgcc.a(_aeabi_ldivmod.o)
                0x0000000008005458                __aeabi_ldivmod
 .text          0x00000000080054f8       0x30 /opt/gcc-arm-none-eabi-9-2020-q2-update/bin/../lib/gcc/arm-none-eabi/9.3.1/thumb/v7-m/nofp/libgcc.a(_aeabi_uldivmod.o)
                0x00000000080054f8                __aeabi_uldivmod
 .text          0x0000000008005528      0x2c4 /opt/gcc-arm-none-eabi-9-2020-q2-update/bin/../lib/gcc/arm-none-eabi/9.3.1/thumb/v7-m/nofp/libgcc.a(_udivmoddi4.o)
                0x0000000008005528                __udivmoddi4
 .text          0x00000000080057ec        0x4 /opt/gcc-arm-none-eabi-9-2020-q2-update/bin/../lib/gcc/arm-none-eabi/9.3.1/thumb/v7-m/nofp/libgcc.a(_dvmd_tls.o)
                0x00000000080057ec                __aeabi_ldiv0
                0x00000000080057ec                __aeabi_idiv0
 .text.atomic_modify_or
                0x00000000080057f0       0x28 src/modules/px4iofirmware/libpx4iofirmware.a(px4io.c.obj)
                0x00000000080057f0                atomic_modify_or
 .text.atomic_modify_clear
                0x0000000008005818       0x30 src/modules/px4iofirmware/libpx4iofirmware.a(px4io.c.obj)
                0x0000000008005818                atomic_modify_clear
 .text.isr_debug
                0x0000000008005848       0x4c src/modules/px4iofirmware/libpx4iofirmware.a(px4io.c.obj)
                0x0000000008005848                isr_debug
 .text.schedule_reboot
                0x0000000008005894       0x1c src/modules/px4iofirmware/libpx4iofirmware.a(px4io.c.obj)
                0x0000000008005894                schedule_reboot
 .text.user_start
                0x00000000080058b0      0x404 src/modules/px4iofirmware/libpx4iofirmware.a(px4io.c.obj)
                0x00000000080058b0                user_start
 .text.pwm_configure_rates
                0x0000000008005cb4       0x84 src/modules/px4iofirmware/libpx4iofirmware.a(registers.c.obj)
 .text.registers_set
                0x0000000008005d38      0x590 src/modules/px4iofirmware/libpx4iofirmware.a(registers.c.obj)
                0x0000000008005d38                registers_set
 .text.registers_get
                0x00000000080062c8      0x1c8 src/modules/px4iofirmware/libpx4iofirmware.a(registers.c.obj)
                0x00000000080062c8                registers_get
 .text.safety_check_button
                0x0000000008006490       0xa4 src/modules/px4iofirmware/libpx4iofirmware.a(safety.c.obj)
 .text.failsafe_blink
                0x0000000008006534       0x38 src/modules/px4iofirmware/libpx4iofirmware.a(safety.c.obj)
 .text.safety_init
                0x000000000800656c       0x30 src/modules/px4iofirmware/libpx4iofirmware.a(safety.c.obj)
                0x000000000800656c                safety_init
 .text.failsafe_led_init
                0x000000000800659c       0x30 src/modules/px4iofirmware/libpx4iofirmware.a(safety.c.obj)
                0x000000000800659c                failsafe_led_init
 .text.dma_reset
                0x00000000080065cc       0x6c src/modules/px4iofirmware/libpx4iofirmware.a(serial.c.obj)
 .text.rx_dma_callback
                0x0000000008006638      0x118 src/modules/px4iofirmware/libpx4iofirmware.a(serial.c.obj)
 .text.serial_interrupt
                0x0000000008006750       0x7c src/modules/px4iofirmware/libpx4iofirmware.a(serial.c.obj)
 .text.interface_init
                0x00000000080067cc       0x84 src/modules/px4iofirmware/libpx4iofirmware.a(serial.c.obj)
                0x00000000080067cc                interface_init
 .text.adc_init
                0x0000000008006850       0x80 src/modules/px4iofirmware/libpx4iofirmware.a(adc.c.obj)
                0x0000000008006850                adc_init
 .text.adc_measure
                0x00000000080068d0       0x68 src/modules/px4iofirmware/libpx4iofirmware.a(adc.c.obj)
                0x00000000080068d0                adc_measure
 .text.controls_init
                0x0000000008006938       0x74 src/modules/px4iofirmware/libpx4iofirmware.a(controls.c.obj)
                0x0000000008006938                controls_init
 .text.controls_tick
                0x00000000080069ac      0x664 src/modules/px4iofirmware/libpx4iofirmware.a(controls.c.obj)
                0x00000000080069ac                controls_tick
 .text._ZL14mixer_callbackjhhRf
                0x0000000008007010      0x1c4 src/modules/px4iofirmware/libpx4iofirmware.a(mixer.cpp.obj)
 .text._ZL20mixer_mix_threadsafePfPVt.constprop.0
                0x00000000080071d4       0x3c src/modules/px4iofirmware/libpx4iofirmware.a(mixer.cpp.obj)
 .text.mixer_handle_text_create_mixer
                0x0000000008007210       0x9c src/modules/px4iofirmware/libpx4iofirmware.a(mixer.cpp.obj)
                0x0000000008007210                mixer_handle_text_create_mixer
 .text.mixer_tick
                0x00000000080072ac      0x594 src/modules/px4iofirmware/libpx4iofirmware.a(mixer.cpp.obj)
                0x00000000080072ac                mixer_tick
 .text.mixer_set_failsafe
                0x0000000008007840      0x11c src/modules/px4iofirmware/libpx4iofirmware.a(mixer.cpp.obj)
                0x0000000008007840                mixer_set_failsafe
 .text._ZN4ListIP5MixerE5clearEv
                0x000000000800795c       0x18 src/modules/px4iofirmware/libpx4iofirmware.a(mixer.cpp.obj)
                0x000000000800795c                List<Mixer*>::clear()
 .text.mixer_handle_text
                0x0000000008007974      0x100 src/modules/px4iofirmware/libpx4iofirmware.a(mixer.cpp.obj)
                0x0000000008007974                mixer_handle_text
 .text._ZN10MixerGroupD2Ev
                0x0000000008007a74        0xc src/modules/px4iofirmware/libpx4iofirmware.a(mixer.cpp.obj)
                0x0000000008007a74                MixerGroup::~MixerGroup()
                0x0000000008007a74                MixerGroup::~MixerGroup()
 .text.startup._GLOBAL__sub_I_mixer_tick
                0x0000000008007a80       0x18 src/modules/px4iofirmware/libpx4iofirmware.a(mixer.cpp.obj)
 .text.up_pwm_servo_set
                0x0000000008007a98        0x4 platforms/nuttx/src/px4/stm/stm32f1/io_pins/libarch_io_pins.a(pwm_servo.c.obj)
                0x0000000008007a98                up_pwm_servo_set
 .text.up_pwm_servo_init
                0x0000000008007a9c       0x74 platforms/nuttx/src/px4/stm/stm32f1/io_pins/libarch_io_pins.a(pwm_servo.c.obj)
                0x0000000008007a9c                up_pwm_servo_init
 .text.up_pwm_servo_set_rate_group_update
                0x0000000008007b10       0x34 platforms/nuttx/src/px4/stm/stm32f1/io_pins/libarch_io_pins.a(pwm_servo.c.obj)
                0x0000000008007b10                up_pwm_servo_set_rate_group_update
 .text.up_pwm_update
                0x0000000008007b44        0x4 platforms/nuttx/src/px4/stm/stm32f1/io_pins/libarch_io_pins.a(pwm_servo.c.obj)
                0x0000000008007b44                up_pwm_update
 .text.up_pwm_servo_get_rate_group
                0x0000000008007b48       0x20 platforms/nuttx/src/px4/stm/stm32f1/io_pins/libarch_io_pins.a(pwm_servo.c.obj)
                0x0000000008007b48                up_pwm_servo_get_rate_group
 .text.up_pwm_servo_arm
                0x0000000008007b68       0x1c platforms/nuttx/src/px4/stm/stm32f1/io_pins/libarch_io_pins.a(pwm_servo.c.obj)
                0x0000000008007b68                up_pwm_servo_arm
 .text.io_timer_handler0
                0x0000000008007b84        0x4 platforms/nuttx/src/px4/stm/stm32f1/io_pins/libarch_io_pins.a(io_timer.c.obj)
 .text.reallocate_channel_resources
                0x0000000008007b88       0x30 platforms/nuttx/src/px4/stm/stm32f1/io_pins/libarch_io_pins.a(io_timer.c.obj)
 .text.io_timer_handler6
                0x0000000008007bb8        0x4 platforms/nuttx/src/px4/stm/stm32f1/io_pins/libarch_io_pins.a(io_timer.c.obj)
 .text.io_timer_handler7
                0x0000000008007bbc        0x4 platforms/nuttx/src/px4/stm/stm32f1/io_pins/libarch_io_pins.a(io_timer.c.obj)
 .text.io_timer_handler1
                0x0000000008007bc0        0x4 platforms/nuttx/src/px4/stm/stm32f1/io_pins/libarch_io_pins.a(io_timer.c.obj)
 .text.io_timer_handler2
                0x0000000008007bc4        0x4 platforms/nuttx/src/px4/stm/stm32f1/io_pins/libarch_io_pins.a(io_timer.c.obj)
 .text.io_timer_handler3
                0x0000000008007bc8        0x4 platforms/nuttx/src/px4/stm/stm32f1/io_pins/libarch_io_pins.a(io_timer.c.obj)
 .text.io_timer_handler4
                0x0000000008007bcc        0x4 platforms/nuttx/src/px4/stm/stm32f1/io_pins/libarch_io_pins.a(io_timer.c.obj)
 .text.io_timer_handler5
                0x0000000008007bd0        0x4 platforms/nuttx/src/px4/stm/stm32f1/io_pins/libarch_io_pins.a(io_timer.c.obj)
 .text.get_timer_channels
                0x0000000008007bd4       0x54 platforms/nuttx/src/px4/stm/stm32f1/io_pins/libarch_io_pins.a(io_timer.c.obj)
 .text.io_timer_validate_channel_index
                0x0000000008007c28       0x40 platforms/nuttx/src/px4/stm/stm32f1/io_pins/libarch_io_pins.a(io_timer.c.obj)
                0x0000000008007c28                io_timer_validate_channel_index
 .text.io_timer_is_channel_free
                0x0000000008007c68       0x20 platforms/nuttx/src/px4/stm/stm32f1/io_pins/libarch_io_pins.a(io_timer.c.obj)
                0x0000000008007c68                io_timer_is_channel_free
 .text.io_timer_get_mode_channels
                0x0000000008007c88       0x14 platforms/nuttx/src/px4/stm/stm32f1/io_pins/libarch_io_pins.a(io_timer.c.obj)
                0x0000000008007c88                io_timer_get_mode_channels
 .text.io_timer_get_channel_mode
                0x0000000008007c9c       0x24 platforms/nuttx/src/px4/stm/stm32f1/io_pins/libarch_io_pins.a(io_timer.c.obj)
                0x0000000008007c9c                io_timer_get_channel_mode
 .text.io_timer_trigger
                0x0000000008007cc0       0x70 platforms/nuttx/src/px4/stm/stm32f1/io_pins/libarch_io_pins.a(io_timer.c.obj)
                0x0000000008007cc0                io_timer_trigger
 .text.io_timer_init_timer
                0x0000000008007d30       0xd0 platforms/nuttx/src/px4/stm/stm32f1/io_pins/libarch_io_pins.a(io_timer.c.obj)
                0x0000000008007d30                io_timer_init_timer
 .text.io_timer_set_rate
                0x0000000008007e00       0xc0 platforms/nuttx/src/px4/stm/stm32f1/io_pins/libarch_io_pins.a(io_timer.c.obj)
                0x0000000008007e00                io_timer_set_rate
 .text.io_timer_channel_init
                0x0000000008007ec0      0x10c platforms/nuttx/src/px4/stm/stm32f1/io_pins/libarch_io_pins.a(io_timer.c.obj)
                0x0000000008007ec0                io_timer_channel_init
 .text.io_timer_set_enable
                0x0000000008007fcc      0x1a4 platforms/nuttx/src/px4/stm/stm32f1/io_pins/libarch_io_pins.a(io_timer.c.obj)
                0x0000000008007fcc                io_timer_set_enable
 .text.io_timer_free_channel
                0x0000000008008170       0x54 platforms/nuttx/src/px4/stm/stm32f1/io_pins/libarch_io_pins.a(io_timer.c.obj)
                0x0000000008008170                io_timer_free_channel
 .text.io_timer_set_ccr
                0x00000000080081c4       0x44 platforms/nuttx/src/px4/stm/stm32f1/io_pins/libarch_io_pins.a(io_timer.c.obj)
                0x00000000080081c4                io_timer_set_ccr
 .text.io_timer_get_group
                0x0000000008008208        0x4 platforms/nuttx/src/px4/stm/stm32f1/io_pins/libarch_io_pins.a(io_timer.c.obj)
                0x0000000008008208                io_timer_get_group
 .text.up_systemreset
                0x000000000800820c       0x1c NuttX/nuttx/arch/arm/src/libarch.a(arm_systemreset.o)
                0x000000000800820c                up_systemreset
 .text.up_udelay
                0x0000000008008228       0x72 NuttX/nuttx/arch/arm/src/libarch.a(arm_udelay.o)
                0x0000000008008228                up_udelay
 .text.stm32_boardinitialize
                0x000000000800829a      0x154 boards/px4/io-v2/src/libdrivers_board.a(init.c.obj)
                0x000000000800829a                stm32_boardinitialize
 *fill*         0x00000000080083ee        0x2 
 .text.hrt_absolute_time
                0x00000000080083f0       0x4c platforms/nuttx/src/px4/stm/stm32f1/hrt/libarch_hrt.a(hrt.c.obj)
                0x00000000080083f0                hrt_absolute_time
 .text.hrt_call_reschedule
                0x000000000800843c       0x54 platforms/nuttx/src/px4/stm/stm32f1/hrt/libarch_hrt.a(hrt.c.obj)
 .text.hrt_call_enter
                0x0000000008008490       0x4c platforms/nuttx/src/px4/stm/stm32f1/hrt/libarch_hrt.a(hrt.c.obj)
 .text.hrt_call_internal
                0x00000000080084dc       0x48 platforms/nuttx/src/px4/stm/stm32f1/hrt/libarch_hrt.a(hrt.c.obj)
 .text.hrt_tim_isr
                0x0000000008008524      0x1f0 platforms/nuttx/src/px4/stm/stm32f1/hrt/libarch_hrt.a(hrt.c.obj)
 .text.hrt_elapsed_time_atomic
                0x0000000008008714       0x24 platforms/nuttx/src/px4/stm/stm32f1/hrt/libarch_hrt.a(hrt.c.obj)
                0x0000000008008714                hrt_elapsed_time_atomic
 .text.hrt_init
                0x0000000008008738       0x84 platforms/nuttx/src/px4/stm/stm32f1/hrt/libarch_hrt.a(hrt.c.obj)
                0x0000000008008738                hrt_init
 .text.hrt_call_every
                0x00000000080087bc       0x2e platforms/nuttx/src/px4/stm/stm32f1/hrt/libarch_hrt.a(hrt.c.obj)
                0x00000000080087bc                hrt_call_every
 .text._ZN10MixerGroup13load_from_bufEPFijhhRfEjPKcRj
                0x00000000080087ea       0xa4 src/lib/mixer/libmixer.a(MixerGroup.cpp.obj)
                0x00000000080087ea                MixerGroup::load_from_buf(int (*)(unsigned int, unsigned char, unsigned char, float&), unsigned int, char const*, unsigned int&)
 .text._ZN4ListIP5MixerE8IteratorppEv
                0x000000000800888e        0xa src/lib/mixer/libmixer.a(MixerGroup.cpp.obj)
                0x000000000800888e                List<Mixer*>::Iterator::operator++()
 .text._ZN10MixerGroup3mixEPfj
                0x0000000008008898       0x30 src/lib/mixer/libmixer.a(MixerGroup.cpp.obj)
                0x0000000008008898                MixerGroup::mix(float*, unsigned int)
 .text._ZN10MixerGroup9set_trimsEPsj
                0x00000000080088c8       0x84 src/lib/mixer/libmixer.a(MixerGroup.cpp.obj)
                0x00000000080088c8                MixerGroup::set_trims(short*, unsigned int)
 .text._ZN10MixerGroup17set_thrust_factorEf
                0x000000000800894c       0x20 src/lib/mixer/libmixer.a(MixerGroup.cpp.obj)
                0x000000000800894c                MixerGroup::set_thrust_factor(float)
 .text._ZN10MixerGroup11set_airmodeEN5Mixer7AirmodeE
                0x000000000800896c       0x20 src/lib/mixer/libmixer.a(MixerGroup.cpp.obj)
                0x000000000800896c                MixerGroup::set_airmode(Mixer::Airmode)
 .text._ZN10MixerGroup21get_saturation_statusEv
                0x000000000800898c       0x24 src/lib/mixer/libmixer.a(MixerGroup.cpp.obj)
                0x000000000800898c                MixerGroup::get_saturation_status()
 .text._ZN10MixerGroup22set_max_delta_out_onceEf
                0x00000000080089b0       0x20 src/lib/mixer/libmixer.a(MixerGroup.cpp.obj)
                0x00000000080089b0                MixerGroup::set_max_delta_out_once(float)
 .text._ZN10MixerGroup11set_dt_onceEf
                0x00000000080089d0       0x20 src/lib/mixer/libmixer.a(MixerGroup.cpp.obj)
                0x00000000080089d0                MixerGroup::set_dt_once(float)
 .text._ZN5Mixer21get_saturation_statusEv
                0x00000000080089f0        0x4 src/lib/mixer/AllocatedActuatorMixer/libAllocatedActuatorMixer.a(AllocatedActuatorMixer.cpp.obj)
                0x00000000080089f0                Mixer::get_saturation_status()
 .text._ZN5Mixer22set_max_delta_out_onceEf
                0x00000000080089f4        0x2 src/lib/mixer/AllocatedActuatorMixer/libAllocatedActuatorMixer.a(AllocatedActuatorMixer.cpp.obj)
                0x00000000080089f4                Mixer::set_max_delta_out_once(float)
 .text._ZN5Mixer17set_thrust_factorEf
                0x00000000080089f6        0x2 src/lib/mixer/AllocatedActuatorMixer/libAllocatedActuatorMixer.a(AllocatedActuatorMixer.cpp.obj)
                0x00000000080089f6                Mixer::set_thrust_factor(float)
 .text._ZN5Mixer11set_airmodeENS_7AirmodeE
                0x00000000080089f8        0x2 src/lib/mixer/AllocatedActuatorMixer/libAllocatedActuatorMixer.a(AllocatedActuatorMixer.cpp.obj)
                0x00000000080089f8                Mixer::set_airmode(Mixer::Airmode)
 .text._ZN5Mixer20get_multirotor_countEv
                0x00000000080089fa        0x4 src/lib/mixer/AllocatedActuatorMixer/libAllocatedActuatorMixer.a(AllocatedActuatorMixer.cpp.obj)
                0x00000000080089fa                Mixer::get_multirotor_count()
 .text._ZN5Mixer11set_dt_onceEf
                0x00000000080089fe        0x2 src/lib/mixer/AllocatedActuatorMixer/libAllocatedActuatorMixer.a(AllocatedActuatorMixer.cpp.obj)
                0x00000000080089fe                Mixer::set_dt_once(float)
 .text._ZN22AllocatedActuatorMixer8set_trimEf
                0x0000000008008a00        0x4 src/lib/mixer/AllocatedActuatorMixer/libAllocatedActuatorMixer.a(AllocatedActuatorMixer.cpp.obj)
                0x0000000008008a00                AllocatedActuatorMixer::set_trim(float)
 .text._ZN22AllocatedActuatorMixer8get_trimEPf
                0x0000000008008a04        0x8 src/lib/mixer/AllocatedActuatorMixer/libAllocatedActuatorMixer.a(AllocatedActuatorMixer.cpp.obj)
                0x0000000008008a04                AllocatedActuatorMixer::get_trim(float*)
 .text._ZN22AllocatedActuatorMixer15groups_requiredERj
                0x0000000008008a0c       0x10 src/lib/mixer/AllocatedActuatorMixer/libAllocatedActuatorMixer.a(AllocatedActuatorMixer.cpp.obj)
                0x0000000008008a0c                AllocatedActuatorMixer::groups_required(unsigned int&)
 .text._ZN22AllocatedActuatorMixerD2Ev
                0x0000000008008a1c        0x2 src/lib/mixer/AllocatedActuatorMixer/libAllocatedActuatorMixer.a(AllocatedActuatorMixer.cpp.obj)
                0x0000000008008a1c                AllocatedActuatorMixer::~AllocatedActuatorMixer()
                0x0000000008008a1c                AllocatedActuatorMixer::~AllocatedActuatorMixer()
 .text._ZN22AllocatedActuatorMixerD0Ev
                0x0000000008008a1e        0xc src/lib/mixer/AllocatedActuatorMixer/libAllocatedActuatorMixer.a(AllocatedActuatorMixer.cpp.obj)
                0x0000000008008a1e                AllocatedActuatorMixer::~AllocatedActuatorMixer()
 .text._ZN22AllocatedActuatorMixer3mixEPfj
                0x0000000008008a2a       0x18 src/lib/mixer/AllocatedActuatorMixer/libAllocatedActuatorMixer.a(AllocatedActuatorMixer.cpp.obj)
                0x0000000008008a2a                AllocatedActuatorMixer::mix(float*, unsigned int)
 *fill*         0x0000000008008a42        0x2 
 .text._ZN22AllocatedActuatorMixerC2EPFijhhRfEjh
                0x0000000008008a44       0x3c src/lib/mixer/AllocatedActuatorMixer/libAllocatedActuatorMixer.a(AllocatedActuatorMixer.cpp.obj)
                0x0000000008008a44                AllocatedActuatorMixer::AllocatedActuatorMixer(int (*)(unsigned int, unsigned char, unsigned char, float&), unsigned int, unsigned char)
                0x0000000008008a44                AllocatedActuatorMixer::AllocatedActuatorMixer(int (*)(unsigned int, unsigned char, unsigned char, float&), unsigned int, unsigned char)
 .text._ZN22AllocatedActuatorMixer5parseEPKcRjRh
                0x0000000008008a80       0x60 src/lib/mixer/AllocatedActuatorMixer/libAllocatedActuatorMixer.a(AllocatedActuatorMixer.cpp.obj)
                0x0000000008008a80                AllocatedActuatorMixer::parse(char const*, unsigned int&, unsigned char&)
 .text._ZN22AllocatedActuatorMixer9from_textEPFijhhRfEjPKcRj
                0x0000000008008ae0       0x34 src/lib/mixer/AllocatedActuatorMixer/libAllocatedActuatorMixer.a(AllocatedActuatorMixer.cpp.obj)
                0x0000000008008ae0                AllocatedActuatorMixer::from_text(int (*)(unsigned int, unsigned char, unsigned char, float&), unsigned int, char const*, unsigned int&)
 .text._ZN15HelicopterMixer15groups_requiredERj
                0x0000000008008b14        0xa src/lib/mixer/HelicopterMixer/libHelicopterMixer.a(HelicopterMixer.cpp.obj)
                0x0000000008008b14                HelicopterMixer::groups_required(unsigned int&)
 .text._ZN15HelicopterMixer8set_trimEf
                0x0000000008008b1e        0x4 src/lib/mixer/HelicopterMixer/libHelicopterMixer.a(HelicopterMixer.cpp.obj)
                0x0000000008008b1e                HelicopterMixer::set_trim(float)
 .text._ZN15HelicopterMixer8get_trimEPf
                0x0000000008008b22        0x4 src/lib/mixer/HelicopterMixer/libHelicopterMixer.a(HelicopterMixer.cpp.obj)
                0x0000000008008b22                HelicopterMixer::get_trim(float*)
 .text._ZN15HelicopterMixerD2Ev
                0x0000000008008b26        0x2 src/lib/mixer/HelicopterMixer/libHelicopterMixer.a(HelicopterMixer.cpp.obj)
                0x0000000008008b26                HelicopterMixer::~HelicopterMixer()
                0x0000000008008b26                HelicopterMixer::~HelicopterMixer()
 .text._ZN15HelicopterMixerD0Ev
                0x0000000008008b28        0xc src/lib/mixer/HelicopterMixer/libHelicopterMixer.a(HelicopterMixer.cpp.obj)
                0x0000000008008b28                HelicopterMixer::~HelicopterMixer()
 .text._ZN15HelicopterMixer3mixEPfj
                0x0000000008008b34      0x1f4 src/lib/mixer/HelicopterMixer/libHelicopterMixer.a(HelicopterMixer.cpp.obj)
                0x0000000008008b34                HelicopterMixer::mix(float*, unsigned int)
 .text._ZN15HelicopterMixer9from_textEPFijhhRfEjPKcRj
                0x0000000008008d28      0x244 src/lib/mixer/HelicopterMixer/libHelicopterMixer.a(HelicopterMixer.cpp.obj)
                0x0000000008008d28                HelicopterMixer::from_text(int (*)(unsigned int, unsigned char, unsigned char, float&), unsigned int, char const*, unsigned int&)
 .text._ZN15MultirotorMixer21get_saturation_statusEv
                0x0000000008008f6c        0x4 src/lib/mixer/MultirotorMixer/libMultirotorMixer.a(MultirotorMixer.cpp.obj)
                0x0000000008008f6c                MultirotorMixer::get_saturation_status()
 .text._ZN15MultirotorMixer15groups_requiredERj
                0x0000000008008f70        0xa src/lib/mixer/MultirotorMixer/libMultirotorMixer.a(MultirotorMixer.cpp.obj)
                0x0000000008008f70                MultirotorMixer::groups_required(unsigned int&)
 .text._ZN15MultirotorMixer22set_max_delta_out_onceEf
                0x0000000008008f7a        0x4 src/lib/mixer/MultirotorMixer/libMultirotorMixer.a(MultirotorMixer.cpp.obj)
                0x0000000008008f7a                MultirotorMixer::set_max_delta_out_once(float)
 .text._ZN15MultirotorMixer8set_trimEf
                0x0000000008008f7e        0x4 src/lib/mixer/MultirotorMixer/libMultirotorMixer.a(MultirotorMixer.cpp.obj)
                0x0000000008008f7e                MultirotorMixer::set_trim(float)
 .text._ZN15MultirotorMixer8get_trimEPf
                0x0000000008008f82        0x4 src/lib/mixer/MultirotorMixer/libMultirotorMixer.a(MultirotorMixer.cpp.obj)
                0x0000000008008f82                MultirotorMixer::get_trim(float*)
 .text._ZN15MultirotorMixer17set_thrust_factorEf
                0x0000000008008f86       0x34 src/lib/mixer/MultirotorMixer/libMultirotorMixer.a(MultirotorMixer.cpp.obj)
                0x0000000008008f86                MultirotorMixer::set_thrust_factor(float)
 .text._ZN15MultirotorMixer11set_airmodeEN5Mixer7AirmodeE
                0x0000000008008fba        0x4 src/lib/mixer/MultirotorMixer/libMultirotorMixer.a(MultirotorMixer.cpp.obj)
                0x0000000008008fba                MultirotorMixer::set_airmode(Mixer::Airmode)
 .text._ZN15MultirotorMixer20get_multirotor_countEv
                0x0000000008008fbe        0x4 src/lib/mixer/MultirotorMixer/libMultirotorMixer.a(MultirotorMixer.cpp.obj)
                0x0000000008008fbe                MultirotorMixer::get_multirotor_count()
 *fill*         0x0000000008008fc2        0x2 
 .text._ZN15MultirotorMixerD2Ev
                0x0000000008008fc4       0x20 src/lib/mixer/MultirotorMixer/libMultirotorMixer.a(MultirotorMixer.cpp.obj)
                0x0000000008008fc4                MultirotorMixer::~MultirotorMixer()
                0x0000000008008fc4                MultirotorMixer::~MultirotorMixer()
 .text._ZN15MultirotorMixerD0Ev
                0x0000000008008fe4       0x12 src/lib/mixer/MultirotorMixer/libMultirotorMixer.a(MultirotorMixer.cpp.obj)
                0x0000000008008fe4                MultirotorMixer::~MultirotorMixer()
 *fill*         0x0000000008008ff6        0x2 
 .text._ZN15MultirotorMixerC2EPFijhhRfEjPKNS_5RotorEj
                0x0000000008008ff8       0x6c src/lib/mixer/MultirotorMixer/libMultirotorMixer.a(MultirotorMixer.cpp.obj)
                0x0000000008008ff8                MultirotorMixer::MultirotorMixer(int (*)(unsigned int, unsigned char, unsigned char, float&), unsigned int, MultirotorMixer::Rotor const*, unsigned int)
                0x0000000008008ff8                MultirotorMixer::MultirotorMixer(int (*)(unsigned int, unsigned char, unsigned char, float&), unsigned int, MultirotorMixer::Rotor const*, unsigned int)
 .text._ZN15MultirotorMixerC2EPFijhhRfEj18MultirotorGeometry
                0x0000000008009064       0x24 src/lib/mixer/MultirotorMixer/libMultirotorMixer.a(MultirotorMixer.cpp.obj)
                0x0000000008009064                MultirotorMixer::MultirotorMixer(int (*)(unsigned int, unsigned char, unsigned char, float&), unsigned int, MultirotorGeometry)
                0x0000000008009064                MultirotorMixer::MultirotorMixer(int (*)(unsigned int, unsigned char, unsigned char, float&), unsigned int, MultirotorGeometry)
 .text._ZN15MultirotorMixer9from_textEPFijhhRfEjPKcRj
                0x0000000008009088       0x78 src/lib/mixer/MultirotorMixer/libMultirotorMixer.a(MultirotorMixer.cpp.obj)
                0x0000000008009088                MultirotorMixer::from_text(int (*)(unsigned int, unsigned char, unsigned char, float&), unsigned int, char const*, unsigned int&)
 .text._ZNK15MultirotorMixer25compute_desaturation_gainEPKfS1_RNS_17saturation_statusEff
                0x0000000008009100       0xc2 src/lib/mixer/MultirotorMixer/libMultirotorMixer.a(MultirotorMixer.cpp.obj)
                0x0000000008009100                MultirotorMixer::compute_desaturation_gain(float const*, float const*, MultirotorMixer::saturation_status&, float, float) const
 .text._ZNK15MultirotorMixer19minimize_saturationEPKfPfRNS_17saturation_statusEffb
                0x00000000080091c2       0x9c src/lib/mixer/MultirotorMixer/libMultirotorMixer.a(MultirotorMixer.cpp.obj)
                0x00000000080091c2                MultirotorMixer::minimize_saturation(float const*, float*, MultirotorMixer::saturation_status&, float, float, bool) const
 *fill*         0x000000000800925e        0x2 
 .text._ZN15MultirotorMixer7mix_yawEfPf
                0x0000000008009260       0x98 src/lib/mixer/MultirotorMixer/libMultirotorMixer.a(MultirotorMixer.cpp.obj)
                0x0000000008009260                MultirotorMixer::mix_yaw(float, float*)
 .text._ZN15MultirotorMixer24update_saturation_statusEjbbb
                0x00000000080092f8      0x14e src/lib/mixer/MultirotorMixer/libMultirotorMixer.a(MultirotorMixer.cpp.obj)
                0x00000000080092f8                MultirotorMixer::update_saturation_status(unsigned int, bool, bool, bool)
 *fill*         0x0000000008009446        0x2 
 .text._ZN15MultirotorMixer3mixEPfj
                0x0000000008009448      0x4c0 src/lib/mixer/MultirotorMixer/libMultirotorMixer.a(MultirotorMixer.cpp.obj)
                0x0000000008009448                MultirotorMixer::mix(float*, unsigned int)
 .text._ZN5Mixer15groups_requiredERj
                0x0000000008009908        0x2 src/lib/mixer/NullMixer/libNullMixer.a(NullMixer.cpp.obj)
                0x0000000008009908                Mixer::groups_required(unsigned int&)
 .text._ZN9NullMixer8set_trimEf
                0x000000000800990a        0x4 src/lib/mixer/NullMixer/libNullMixer.a(NullMixer.cpp.obj)
                0x000000000800990a                NullMixer::set_trim(float)
 .text._ZN9NullMixer8get_trimEPf
                0x000000000800990e        0x4 src/lib/mixer/NullMixer/libNullMixer.a(NullMixer.cpp.obj)
                0x000000000800990e                NullMixer::get_trim(float*)
 *fill*         0x0000000008009912        0x2 
 .text._ZN9NullMixer3mixEPfj
                0x0000000008009914       0x10 src/lib/mixer/NullMixer/libNullMixer.a(NullMixer.cpp.obj)
                0x0000000008009914                NullMixer::mix(float*, unsigned int)
 .text._ZN9NullMixerD2Ev
                0x0000000008009924        0x2 src/lib/mixer/NullMixer/libNullMixer.a(NullMixer.cpp.obj)
                0x0000000008009924                NullMixer::~NullMixer()
                0x0000000008009924                NullMixer::~NullMixer()
 .text._ZN9NullMixerD0Ev
                0x0000000008009926        0xc src/lib/mixer/NullMixer/libNullMixer.a(NullMixer.cpp.obj)
                0x0000000008009926                NullMixer::~NullMixer()
 *fill*         0x0000000008009932        0x2 
 .text._ZN9NullMixer9from_textEPKcRj
                0x0000000008009934       0x44 src/lib/mixer/NullMixer/libNullMixer.a(NullMixer.cpp.obj)
                0x0000000008009934                NullMixer::from_text(char const*, unsigned int&)
 .text._ZN11SimpleMixer8set_trimEf
                0x0000000008009978        0x8 src/lib/mixer/SimpleMixer/libSimpleMixer.a(SimpleMixer.cpp.obj)
                0x0000000008009978                SimpleMixer::set_trim(float)
 .text._ZN11SimpleMixer8get_trimEPf
                0x0000000008009980        0xa src/lib/mixer/SimpleMixer/libSimpleMixer.a(SimpleMixer.cpp.obj)
                0x0000000008009980                SimpleMixer::get_trim(float*)
 .text._ZN11SimpleMixer11set_dt_onceEf
                0x000000000800998a        0x4 src/lib/mixer/SimpleMixer/libSimpleMixer.a(SimpleMixer.cpp.obj)
                0x000000000800998a                SimpleMixer::set_dt_once(float)
 .text._ZN11SimpleMixer15groups_requiredERj
                0x000000000800998e       0x28 src/lib/mixer/SimpleMixer/libSimpleMixer.a(SimpleMixer.cpp.obj)
                0x000000000800998e                SimpleMixer::groups_required(unsigned int&)
 .text._ZN11SimpleMixerD2Ev
                0x00000000080099b6       0x10 src/lib/mixer/SimpleMixer/libSimpleMixer.a(SimpleMixer.cpp.obj)
                0x00000000080099b6                SimpleMixer::~SimpleMixer()
                0x00000000080099b6                SimpleMixer::~SimpleMixer()
 .text._ZN11SimpleMixerD0Ev
                0x00000000080099c6       0x12 src/lib/mixer/SimpleMixer/libSimpleMixer.a(SimpleMixer.cpp.obj)
                0x00000000080099c6                SimpleMixer::~SimpleMixer()
 .text._ZN11SimpleMixer19parse_output_scalerEPKcRjR14mixer_scaler_sRf
                0x00000000080099d8       0xc0 src/lib/mixer/SimpleMixer/libSimpleMixer.a(SimpleMixer.cpp.obj)
                0x00000000080099d8                SimpleMixer::parse_output_scaler(char const*, unsigned int&, mixer_scaler_s&, float&)
 .text._ZN11SimpleMixer20parse_control_scalerEPKcRjR14mixer_scaler_sRhS5_
                0x0000000008009a98       0xac src/lib/mixer/SimpleMixer/libSimpleMixer.a(SimpleMixer.cpp.obj)
                0x0000000008009a98                SimpleMixer::parse_control_scaler(char const*, unsigned int&, mixer_scaler_s&, unsigned char&, unsigned char&)
 .text._ZN11SimpleMixer9from_textEPFijhhRfEjPKcRj
                0x0000000008009b44       0xfc src/lib/mixer/SimpleMixer/libSimpleMixer.a(SimpleMixer.cpp.obj)
                0x0000000008009b44                SimpleMixer::from_text(int (*)(unsigned int, unsigned char, unsigned char, float&), unsigned int, char const*, unsigned int&)
 .text._ZN11SimpleMixer5scaleERK14mixer_scaler_sf
                0x0000000008009c40       0x52 src/lib/mixer/SimpleMixer/libSimpleMixer.a(SimpleMixer.cpp.obj)
                0x0000000008009c40                SimpleMixer::scale(mixer_scaler_s const&, float)
 .text._ZN11SimpleMixer3mixEPfj
                0x0000000008009c92       0xe6 src/lib/mixer/SimpleMixer/libSimpleMixer.a(SimpleMixer.cpp.obj)
                0x0000000008009c92                SimpleMixer::mix(float*, unsigned int)
 .text._ZN5Mixer11get_controlEhh
                0x0000000008009d78       0x10 src/lib/mixer/MixerBase/libMixerBase.a(Mixer.cpp.obj)
                0x0000000008009d78                Mixer::get_control(unsigned char, unsigned char)
 .text._ZN5Mixer7findtagEPKcRjc
                0x0000000008009d88       0x24 src/lib/mixer/MixerBase/libMixerBase.a(Mixer.cpp.obj)
                0x0000000008009d88                Mixer::findtag(char const*, unsigned int&, char)
 .text._ZN5Mixer11findnexttagEPKcj
                0x0000000008009dac       0x22 src/lib/mixer/MixerBase/libMixerBase.a(Mixer.cpp.obj)
                0x0000000008009dac                Mixer::findnexttag(char const*, unsigned int)
 .text._ZN5Mixer8skiplineEPKcRj
                0x0000000008009dce       0x2a src/lib/mixer/MixerBase/libMixerBase.a(Mixer.cpp.obj)
                0x0000000008009dce                Mixer::skipline(char const*, unsigned int&)
 .text._ZN5Mixer18string_well_formedEPKcRj
                0x0000000008009df8       0x1e src/lib/mixer/MixerBase/libMixerBase.a(Mixer.cpp.obj)
                0x0000000008009df8                Mixer::string_well_formed(char const*, unsigned int&)
 .text.st24_common_crc8
                0x0000000008009e16       0x38 src/lib/rc/librc.a(st24.cpp.obj)
                0x0000000008009e16                st24_common_crc8
 *fill*         0x0000000008009e4e        0x2 
 .text.st24_decode
                0x0000000008009e50      0x218 src/lib/rc/librc.a(st24.cpp.obj)
                0x0000000008009e50                st24_decode
 .text.sumd_crc16
                0x000000000800a068       0x1e src/lib/rc/librc.a(sumd.cpp.obj)
                0x000000000800a068                sumd_crc16
 *fill*         0x000000000800a086        0x2 
 .text.sumd_decode
                0x000000000800a088      0x3a8 src/lib/rc/librc.a(sumd.cpp.obj)
                0x000000000800a088                sumd_decode
 .text.sbus_config
                0x000000000800a430       0x6c src/lib/rc/librc.a(sbus.cpp.obj)
                0x000000000800a430                sbus_config
 .text.sbus_init
                0x000000000800a49c       0x1e src/lib/rc/librc.a(sbus.cpp.obj)
                0x000000000800a49c                sbus_init
 *fill*         0x000000000800a4ba        0x2 
 .text.sbus1_output
                0x000000000800a4bc      0x100 src/lib/rc/librc.a(sbus.cpp.obj)
                0x000000000800a4bc                sbus1_output
 .text.sbus2_output
                0x000000000800a5bc        0x4 src/lib/rc/librc.a(sbus.cpp.obj)
                0x000000000800a5bc                sbus2_output
 .text.sbus_parse
                0x000000000800a5c0      0x26c src/lib/rc/librc.a(sbus.cpp.obj)
                0x000000000800a5c0                sbus_parse
 .text.sbus_input
                0x000000000800a82c       0x98 src/lib/rc/librc.a(sbus.cpp.obj)
                0x000000000800a82c                sbus_input
 .text.sbus1_set_output_rate_hz
                0x000000000800a8c4       0x24 src/lib/rc/librc.a(sbus.cpp.obj)
                0x000000000800a8c4                sbus1_set_output_rate_hz
 .text._ZL18dsm_decode_channeltjRhRt
                0x000000000800a8e8       0x90 src/lib/rc/librc.a(dsm.cpp.obj)
 .text._ZL16dsm_guess_formatb.constprop.0
                0x000000000800a978       0x24 src/lib/rc/librc.a(dsm.cpp.obj)
 .text.dsm_config
                0x000000000800a99c       0x60 src/lib/rc/librc.a(dsm.cpp.obj)
                0x000000000800a99c                dsm_config
 .text.dsm_proto_init
                0x000000000800a9fc       0x38 src/lib/rc/librc.a(dsm.cpp.obj)
                0x000000000800a9fc                dsm_proto_init
 .text.dsm_init
                0x000000000800aa34       0x2c src/lib/rc/librc.a(dsm.cpp.obj)
                0x000000000800aa34                dsm_init
 .text.dsm_bind
                0x000000000800aa60       0x7c src/lib/rc/librc.a(dsm.cpp.obj)
                0x000000000800aa60                dsm_bind
 .text._ZNK3px46BitsetILj18EEixEj
                0x000000000800aadc       0x18 src/lib/rc/librc.a(dsm.cpp.obj)
                0x000000000800aadc                px4::Bitset<18u>::operator[](unsigned int) const
 .text._Z10dsm_decodeyPtS_PbjPa
                0x000000000800aaf4      0x310 src/lib/rc/librc.a(dsm.cpp.obj)
                0x000000000800aaf4                dsm_decode(unsigned long long, unsigned short*, unsigned short*, bool*, unsigned int, signed char*)
 .text.dsm_parse
                0x000000000800ae04      0x13c src/lib/rc/librc.a(dsm.cpp.obj)
                0x000000000800ae04                dsm_parse
 .text.dsm_input
                0x000000000800af40       0x60 src/lib/rc/librc.a(dsm.cpp.obj)
                0x000000000800af40                dsm_input
 .text.output_limit_init
                0x000000000800afa0       0x12 src/lib/output_limit/liboutput_limit.a(output_limit.cpp.obj)
                0x000000000800afa0                output_limit_init
 *fill*         0x000000000800afb2        0x2 
 .text.output_limit_calc
                0x000000000800afb4      0x258 src/lib/output_limit/liboutput_limit.a(output_limit.cpp.obj)
                0x000000000800afb4                output_limit_calc
 .text.__cxa_atexit
                0x000000000800b20c        0x4 NuttX/nuttx/libs/libxx/libxx.a(libxx_cxa_atexit.o)
                0x000000000800b20c                __cxa_atexit
 .text.__aeabi_atexit
                0x000000000800b210        0xa NuttX/nuttx/libs/libxx/libxx.a(libxx_eabi_atexit.o)
                0x000000000800b210                __aeabi_atexit
 .text._ZdlPv   0x000000000800b21a        0x4 NuttX/nuttx/libs/libxx/libxx.a(libxx_delete.o)
                0x000000000800b21a                operator delete(void*)
 .text._ZdaPv   0x000000000800b21e        0x4 NuttX/nuttx/libs/libxx/libxx.a(libxx_deletea.o)
                0x000000000800b21e                operator delete[](void*)
 .text._Znwj    0x000000000800b222        0xa NuttX/nuttx/libs/libxx/libxx.a(libxx_new.o)
                0x000000000800b222                operator new(unsigned int)
 .text._Znaj    0x000000000800b22c        0xa NuttX/nuttx/libs/libxx/libxx.a(libxx_newa.o)
                0x000000000800b22c                operator new[](unsigned int)
 *fill*         0x000000000800b236        0x2 
 .text.crc32part
                0x000000000800b238       0x28 NuttX/nuttx/libs/libc/libc.a(lib_crc32.o)
                0x000000000800b238                crc32part
 .text.printf   0x000000000800b260       0x24 NuttX/nuttx/libs/libc/libc.a(lib_printf.o)
                0x000000000800b260                printf
 .text.vsnprintf
                0x000000000800b284       0x2a NuttX/nuttx/libs/libc/libc.a(lib_vsnprintf.o)
                0x000000000800b284                vsnprintf
 .text.sscanf   0x000000000800b2ae       0x1a NuttX/nuttx/libs/libc/libc.a(lib_sscanf.o)
                0x000000000800b2ae                sscanf
 .text.vsscanf  0x000000000800b2c8       0x24 NuttX/nuttx/libs/libc/libc.a(lib_vsscanf.o)
                0x000000000800b2c8                vsscanf
 .text.lib_vscanf
                0x000000000800b2ec      0x5ac NuttX/nuttx/libs/libc/libc.a(lib_libvscanf.o)
                0x000000000800b2ec                lib_vscanf
 .text.vfprintf
                0x000000000800b898       0x1e NuttX/nuttx/libs/libc/libc.a(lib_vfprintf.o)
                0x000000000800b898                vfprintf
 .text.stdoutstream_putc
                0x000000000800b8b6       0x26 NuttX/nuttx/libs/libc/libc.a(lib_stdoutstream.o)
 .text.lib_stdoutstream
                0x000000000800b8dc       0x18 NuttX/nuttx/libs/libc/libc.a(lib_stdoutstream.o)
                0x000000000800b8dc                lib_stdoutstream
 .text.atoi     0x000000000800b8f4        0x8 NuttX/nuttx/libs/libc/libc.a(lib_atoi.o)
                0x000000000800b8f4                atoi
 .text.strtol   0x000000000800b8fc       0x74 NuttX/nuttx/libs/libc/libc.a(lib_strtol.o)
                0x000000000800b8fc                strtol
 .text.strtoul  0x000000000800b970       0xa2 NuttX/nuttx/libs/libc/libc.a(lib_strtoul.o)
                0x000000000800b970                strtoul
 .text.lib_checkbase
                0x000000000800ba12       0x5e NuttX/nuttx/libs/libc/libc.a(lib_checkbase.o)
                0x000000000800ba12                lib_checkbase
 .text.lib_isbasedigit
                0x000000000800ba70       0x4c NuttX/nuttx/libs/libc/libc.a(lib_isbasedigit.o)
                0x000000000800ba70                lib_isbasedigit
 .text.memchr   0x000000000800babc       0x1c NuttX/nuttx/libs/libc/libc.a(lib_memchr.o)
                0x000000000800babc                memchr
 .text.memmove  0x000000000800bad8       0x2e NuttX/nuttx/libs/libc/libc.a(lib_memmove.o)
                0x000000000800bad8                memmove
 .text.lib_skipspace
                0x000000000800bb06       0x18 NuttX/nuttx/libs/libc/libc.a(lib_skipspace.o)
                0x000000000800bb06                lib_skipspace
 .text.strchr   0x000000000800bb1e       0x16 NuttX/nuttx/libs/libc/libc.a(lib_strchr.o)
                0x000000000800bb1e                strchr
 .text.strcmp   0x000000000800bb34       0x16 NuttX/nuttx/libs/libc/libc.a(lib_strcmp.o)
                0x000000000800bb34                strcmp
 .text.strncpy  0x000000000800bb4a       0x24 NuttX/nuttx/libs/libc/libc.a(lib_strncpy.o)
                0x000000000800bb4a                strncpy
 *fill*         0x000000000800bb6e        0x2 
 .text.vsyslog  0x000000000800bb70       0x20 NuttX/nuttx/libs/libc/libc.a(lib_syslog.o)
                0x000000000800bb70                vsyslog
 .text.syslog   0x000000000800bb90       0x1a NuttX/nuttx/libs/libc/libc.a(lib_syslog.o)
                0x000000000800bb90                syslog
 .text.tcgetattr
                0x000000000800bbaa        0xa NuttX/nuttx/libs/libc/libc.a(lib_tcgetattr.o)
                0x000000000800bbaa                tcgetattr
 .text.tcsetattr
                0x000000000800bbb4       0x10 NuttX/nuttx/libs/libc/libc.a(lib_tcsetattr.o)
                0x000000000800bbb4                tcsetattr
 .text.isspace  0x000000000800bbc4       0x14 NuttX/nuttx/libs/libc/libc.a(lib_isspace.o)
                0x000000000800bbc4                isspace
 .text.meminstream_getc
                0x000000000800bbd8       0x1a NuttX/nuttx/libs/libc/libc.a(lib_meminstream.o)
 *fill*         0x000000000800bbf2        0x2 
 .text.lib_meminstream
                0x000000000800bbf4       0x14 NuttX/nuttx/libs/libc/libc.a(lib_meminstream.o)
                0x000000000800bbf4                lib_meminstream
 .text.fputc    0x000000000800bc08       0x3c NuttX/nuttx/libs/libc/libc.a(lib_fputc.o)
                0x000000000800bc08                fputc
 .text.lib_fwrite
                0x000000000800bc44       0x1c NuttX/nuttx/libs/libc/libc.a(lib_libfwrite.o)
                0x000000000800bc44                lib_fwrite
 .text.nx_vsyslog
                0x000000000800bc60       0x26 NuttX/nuttx/drivers/libdrivers.a(vsyslog.o)
                0x000000000800bc60                nx_vsyslog
 .text.syslogstream_putc
                0x000000000800bc86       0x22 NuttX/nuttx/drivers/libdrivers.a(syslog_stream.o)
 .text.syslogstream_create
                0x000000000800bca8       0x18 NuttX/nuttx/drivers/libdrivers.a(syslog_stream.o)
                0x000000000800bca8                syslogstream_create
 .text.emergstream_putc
                0x000000000800bcc0       0x1e NuttX/nuttx/drivers/libdrivers.a(syslog_emergstream.o)
 *fill*         0x000000000800bcde        0x2 
 .text.emergstream
                0x000000000800bce0       0x18 NuttX/nuttx/drivers/libdrivers.a(syslog_emergstream.o)
                0x000000000800bce0                emergstream
 .text.syslog_putc
                0x000000000800bcf8       0x2c NuttX/nuttx/drivers/libdrivers.a(syslog_putc.o)
                0x000000000800bcf8                syslog_putc
 .text.syslog_force
                0x000000000800bd24        0xc NuttX/nuttx/drivers/libdrivers.a(syslog_force.o)
                0x000000000800bd24                syslog_force
 .text.file_vioctl
                0x000000000800bd30       0x1c NuttX/nuttx/fs/libfs.a(fs_ioctl.o)
                0x000000000800bd30                file_vioctl
 .text.nx_vioctl
                0x000000000800bd4c       0x8c NuttX/nuttx/fs/libfs.a(fs_ioctl.o)
                0x000000000800bd4c                nx_vioctl
 .text.ioctl    0x000000000800bdd8       0x2c NuttX/nuttx/fs/libfs.a(fs_ioctl.o)
                0x000000000800bdd8                ioctl
 .text.file_read
                0x000000000800be04       0x26 NuttX/nuttx/fs/libfs.a(fs_read.o)
                0x000000000800be04                file_read
 .text.nx_read  0x000000000800be2a       0x28 NuttX/nuttx/fs/libfs.a(fs_read.o)
                0x000000000800be2a                nx_read
 .text.read     0x000000000800be52       0x1a NuttX/nuttx/fs/libfs.a(fs_read.o)
                0x000000000800be52                read
 .text.file_write
                0x000000000800be6c       0x20 NuttX/nuttx/fs/libfs.a(fs_write.o)
                0x000000000800be6c                file_write
 .text.nx_write
                0x000000000800be8c       0x30 NuttX/nuttx/fs/libfs.a(fs_write.o)
                0x000000000800be8c                nx_write
 .text.write    0x000000000800bebc       0x1a NuttX/nuttx/fs/libfs.a(fs_write.o)
                0x000000000800bebc                write
 .text.file_vfcntl
                0x000000000800bed6       0x6e NuttX/nuttx/fs/libfs.a(fs_fcntl.o)
                0x000000000800bed6                file_vfcntl
 .text.nx_vfcntl
                0x000000000800bf44       0x28 NuttX/nuttx/fs/libfs.a(fs_fcntl.o)
                0x000000000800bf44                nx_vfcntl
 .text.nx_fcntl
                0x000000000800bf6c       0x1a NuttX/nuttx/fs/libfs.a(fs_fcntl.o)
                0x000000000800bf6c                nx_fcntl
 .text.file_dup
                0x000000000800bf86       0x52 NuttX/nuttx/fs/libfs.a(fs_dupfd.o)
                0x000000000800bf86                file_dup
 .text.mallinfo
                0x000000000800bfd8       0x24 NuttX/nuttx/mm/libmm.a(umm_mallinfo.o)
                0x000000000800bfd8                mallinfo
 .text.mm_mallinfo
                0x000000000800bffc       0x56 NuttX/nuttx/mm/libmm.a(mm_mallinfo.o)
                0x000000000800bffc                mm_mallinfo
 *fill*         0x000000000800c052        0x2 
 .text.nxsched_get_streams
                0x000000000800c054       0x10 NuttX/nuttx/sched/libsched.a(sched_getstreams.o)
                0x000000000800c054                nxsched_get_streams
 .text.cosf     0x000000000800c064       0x78 /opt/gcc-arm-none-eabi-9-2020-q2-update/bin/../lib/gcc/arm-none-eabi/9.3.1/../../../../arm-none-eabi/lib/thumb/v7-m/nofp/libm.a(lib_a-sf_cos.o)
                0x000000000800c064                cosf
 .text.floorf   0x000000000800c0dc       0x80 /opt/gcc-arm-none-eabi-9-2020-q2-update/bin/../lib/gcc/arm-none-eabi/9.3.1/../../../../arm-none-eabi/lib/thumb/v7-m/nofp/libm.a(lib_a-sf_floor.o)
                0x000000000800c0dc                floorf
 .text.roundf   0x000000000800c15c       0x48 /opt/gcc-arm-none-eabi-9-2020-q2-update/bin/../lib/gcc/arm-none-eabi/9.3.1/../../../../arm-none-eabi/lib/thumb/v7-m/nofp/libm.a(lib_a-sf_round.o)
                0x000000000800c15c                roundf
 .text.sinf     0x000000000800c1a4       0x7c /opt/gcc-arm-none-eabi-9-2020-q2-update/bin/../lib/gcc/arm-none-eabi/9.3.1/../../../../arm-none-eabi/lib/thumb/v7-m/nofp/libm.a(lib_a-sf_sin.o)
                0x000000000800c1a4                sinf
 .text.sqrtf    0x000000000800c220       0x48 /opt/gcc-arm-none-eabi-9-2020-q2-update/bin/../lib/gcc/arm-none-eabi/9.3.1/../../../../arm-none-eabi/lib/thumb/v7-m/nofp/libm.a(lib_a-wf_sqrt.o)